FPW_ERROR ts=2026-05-16 19:30:31 event=onApplicationStart message=Event handler exception. detail=An exception occurred while invoking an event handler method from Application.cfc. The method name is: onApplicationStart.
FPW_ERROR ts=2026-05-16 20:32:39 event= message=access denied ("coldfusion.runtime.FunctionPermission" "createobject(java)") detail=
FPW_ERROR ts=2026-05-16 20:33:52 event= message=access denied ("coldfusion.runtime.FunctionPermission" "createobject(java)") detail=
FPW_ERROR ts=2026-05-17 23:19:03 event= message=Function handle does not support appreload as an argument in e:\web\FloatPlanWizard.com\api\v1\stripeWebhook.cfc detail=
FPW_ERROR ts=2026-05-18 11:31:01 event= message=Variable CACHED is undefined. detail=
FPW_ERROR ts=2026-05-18 11:31:41 event= message=Variable CACHED is undefined. detail=
FPW_ERROR ts=2026-05-18 22:39:05 event= message=Variable CACHED is undefined. detail=
FPW_ERROR ts=2026-05-19 16:03:16 event= message=Variable CACHED is undefined. detail=
FPW_ERROR ts=2026-05-19 16:03:41 event= message=Variable CACHED is undefined. detail=
FPW_ERROR ts=2026-05-19 18:36:59 event= message=Variable CACHED is undefined. detail=
FPW_ERROR ts=2026-05-19 18:37:44 event= message=Variable CACHED is undefined. detail=
FPW_ERROR ts=2026-05-19 22:21:40 event= message=Variable CACHED is undefined. detail=
FPW_ERROR ts=2026-05-19 22:21:59 event= message=Variable CACHED is undefined. detail=
FPW_ERROR ts=2026-05-19 23:28:13 event= message=Variable CACHED is undefined. detail=
FPW_ERROR ts=2026-05-19 23:30:01 event= message=ColdFusion could not delete the file e:\web\FloatPlanWizard.com\api\api_assets\floatPlans/user_float_plans/Great_Loop_-_Day_1_-_Full_Route_20260519_233000_readonly.pdf. detail=Check if another request or process is not using the file.
FPW_ERROR ts=2026-05-20 11:14:30 event= message=Variable CACHED is undefined. detail=
FPW_ERROR ts=2026-05-20 11:14:43 event= message=Variable CACHED is undefined. detail=
FPW_ERROR ts=2026-05-20 14:47:32 event= message=Variable CACHED is undefined. detail=
FPW_ERROR ts=2026-05-20 14:47:44 event= message=Variable CACHED is undefined. detail=
FPW_ERROR ts=2026-05-20 14:47:46 event= message=Variable CACHED is undefined. detail=
FPW_ERROR ts=2026-05-20 14:47:50 event= message=Variable CACHED is undefined. detail=
FPW_ERROR ts=2026-05-20 14:55:59 event= message=Variable CACHED is undefined. detail=
FPW_ERROR ts=2026-05-20 15:23:58 event= message=Variable CACHED is undefined. detail=
FPW_ERROR ts=2026-05-20 15:34:56 event= message=Variable CACHED is undefined. detail=
FPW_ERROR ts=2026-05-20 15:47:55 event= message=Variable CACHED is undefined. detail=
FPW_ERROR ts=2026-05-20 16:29:11 event= message=Variable TOCLEAR is undefined. detail=
FPW_ERROR ts=2026-05-20 16:47:53 event= message=Variable SYSTEMCACHECLEAR is undefined. detail=
FPW_ERROR ts=2026-05-21 01:48:00 event= message=Function handle does not support token as an argument in e:\web\FloatPlanWizard.com\api\v1\voyage.cfc detail=
FPW_ERROR ts=2026-05-21 02:52:16 event= message=Function handle does not support action as an argument in e:\web\FloatPlanWizard.com\api\v1\vessel.cfc detail=
FPW_ERROR ts=2026-05-21 02:52:16 event= message=Function handle does not support action as an argument in e:\web\FloatPlanWizard.com\api\v1\operator.cfc detail=
FPW_ERROR ts=2026-05-21 02:52:16 event= message=Function handle does not support action as an argument in e:\web\FloatPlanWizard.com\api\v1\contact.cfc detail=
FPW_ERROR ts=2026-05-21 10:05:19 event= message=Variable CACHED is undefined. detail=
FPW_ERROR ts=2026-05-21 11:16:56 event= message=Variable CACHED is undefined. detail=
FPW_ERROR ts=2026-05-22 15:05:59 event= message=The value of parameter 2 of the function Left, which is now 0, must be a non-zero integer detail=
FPW_ERROR ts=2026-05-22 15:06:12 event= message=The value of parameter 2 of the function Left, which is now 0, must be a non-zero integer detail=
FPW_ERROR ts=2026-05-22 15:06:36 event= message=The value of parameter 2 of the function Left, which is now 0, must be a non-zero integer detail=
FPW_ERROR ts=2026-05-22 15:07:01 event= message=The value of parameter 2 of the function Left, which is now 0, must be a non-zero integer detail=
FPW_ERROR ts=2026-05-22 15:10:52 event= message=The value of parameter 2 of the function Left, which is now 0, must be a non-zero integer detail=
FPW_ERROR ts=2026-05-22 15:10:52 event= message=The value of parameter 2 of the function Left, which is now 0, must be a non-zero integer detail=
FPW_ERROR ts=2026-05-22 15:15:27 event= message=The value of parameter 2 of the function Left, which is now 0, must be a non-zero integer detail=
FPW_ERROR ts=2026-05-22 15:16:19 event= message=The value of parameter 2 of the function Left, which is now 0, must be a non-zero integer detail=
FPW_ERROR ts=2026-05-22 15:17:38 event= message=The value of parameter 2 of the function Left, which is now 0, must be a non-zero integer detail=
FPW_ERROR ts=2026-05-22 15:40:16 event= message=The value of parameter 2 of the function Left, which is now 0, must be a non-zero integer detail=
FPW_ERROR ts=2026-05-22 15:40:30 event= message=The value of parameter 2 of the function Left, which is now 0, must be a non-zero integer detail=
FPW_ERROR ts=2026-05-22 15:41:50 event= message=The value of parameter 2 of the function Left, which is now 0, must be a non-zero integer detail=
FPW_ERROR ts=2026-05-22 15:43:47 event= message=The value of parameter 2 of the function Left, which is now 0, must be a non-zero integer detail=
FPW_ERROR ts=2026-05-22 15:46:01 event= message=The value of parameter 2 of the function Left, which is now 0, must be a non-zero integer detail=
FPW_ERROR ts=2026-05-22 15:46:01 event= message=The value of parameter 2 of the function Left, which is now 0, must be a non-zero integer detail=
FPW_ERROR ts=2026-05-22 15:46:01 event= message=The value of parameter 2 of the function Left, which is now 0, must be a non-zero integer detail=
FPW_ERROR ts=2026-05-22 15:46:01 event= message=The value of parameter 2 of the function Left, which is now 0, must be a non-zero integer detail=
FPW_ERROR ts=2026-05-22 15:46:18 event= message=The value of parameter 2 of the function Left, which is now 0, must be a non-zero integer detail=
FPW_ERROR ts=2026-05-22 15:46:18 event= message=The value of parameter 2 of the function Left, which is now 0, must be a non-zero integer detail=
FPW_ERROR ts=2026-05-22 15:47:58 event= message=The value of parameter 2 of the function Left, which is now 0, must be a non-zero integer detail=
FPW_ERROR ts=2026-05-22 15:52:36 event= message=The value of parameter 2 of the function Left, which is now 0, must be a non-zero integer detail=
FPW_ERROR ts=2026-05-22 15:52:36 event= message=The value of parameter 2 of the function Left, which is now 0, must be a non-zero integer detail=
FPW_ERROR ts=2026-05-22 15:52:36 event= message=The value of parameter 2 of the function Left, which is now 0, must be a non-zero integer detail=
FPW_ERROR ts=2026-05-22 15:54:45 event= message=The value of parameter 2 of the function Left, which is now 0, must be a non-zero integer detail=
FPW_ERROR ts=2026-05-22 15:55:43 event= message=The value of parameter 2 of the function Left, which is now 0, must be a non-zero integer detail=
FPW_ERROR ts=2026-05-22 15:57:04 event= message=The value of parameter 2 of the function Left, which is now 0, must be a non-zero integer detail=
FPW_ERROR ts=2026-05-22 15:57:04 event= message=The value of parameter 2 of the function Left, which is now 0, must be a non-zero integer detail=
FPW_ERROR ts=2026-05-22 16:00:28 event= message=The value of parameter 2 of the function Left, which is now 0, must be a non-zero integer detail=
FPW_ERROR ts=2026-05-22 16:09:14 event= message=Could not find the included template includes/prelaunch_top_nav.cfm. detail=Note: If you wish to use an absolute template path (for example, template="/mypath/index.cfm") with CFINCLUDE, you must create a mapping for the path using the ColdFusion Administrator. Or, you can use per-application settings to specify mappings specific to this application by specifying a mappings struct to THIS.mappings in Application.cfc. <br> Using relative paths (for example, template="index.cfm" or template="../index.cfm") does not require the creation of any special mappings. It is therefore recommended  that you use relative paths with CFINCLUDE whenever possible.
FPW_ERROR ts=2026-05-23 00:16:53 event= message=The mode is not valid. detail=Specify either SERVER or APPLICATION. Error: Mode server|application is invalid.
FPW_ERROR ts=2026-05-23 00:26:20 event= message=Variable RESI is undefined. detail=
FPW_ERROR ts=2026-05-23 00:27:44 event= message=Task with name runMonitor, group DEFAULT and mode server already exists detail=
FPW_ERROR ts=2026-05-24 08:40:03 event= message=The request has exceeded the allowable time limit Tag: cfoutput detail=
FPW_ERROR ts=2026-05-24 08:53:00 event= message=The request has exceeded the allowable time limit Tag: cfoutput detail=
FPW_ERROR ts=2026-05-24 08:55:57 event= message=The request has exceeded the allowable time limit Tag: cfoutput detail=
FPW_ERROR ts=2026-05-24 09:03:56 event= message=The request has exceeded the allowable time limit Tag: cfoutput detail=
FPW_ERROR ts=2026-05-24 09:48:44 event= message=Variable CACHED is undefined. detail=
FPW_ERROR ts=2026-05-24 09:48:52 event= message=Variable CACHED is undefined. detail=
FPW_ERROR ts=2026-05-24 09:48:56 event= message=Variable CACHED is undefined. detail=
FPW_ERROR ts=2026-05-24 09:48:58 event= message=Variable CACHED is undefined. detail=
FPW_ERROR ts=2026-05-24 10:14:22 event= message=Variable CACHED is undefined. detail=
FPW_ERROR ts=2026-05-24 10:14:25 event= message=Variable CACHED is undefined. detail=
FPW_ERROR ts=2026-05-24 10:14:26 event= message=Variable CACHED is undefined. detail=
FPW_ERROR ts=2026-05-24 11:15:47 event= message=Element STREAMID is undefined in ARGUMENTS. detail=
FPW_ERROR ts=2026-05-24 18:08:26 event= message=Variable CACHED is undefined. detail=
FPW_ERROR ts=2026-05-24 18:08:35 event= message=Variable CACHED is undefined. detail=
FPW_ERROR ts=2026-05-24 23:02:04 event= message=The request has exceeded the allowable time limit Tag: cfoutput detail=
FPW_ERROR ts=2026-05-25 14:25:09 event= message=Variable CACHED is undefined. detail=
FPW_ERROR ts=2026-05-25 14:25:19 event= message=Variable CACHED is undefined. detail=
FPW_ERROR ts=2026-05-25 14:25:23 event= message=Variable CACHED is undefined. detail=
FPW_ERROR ts=2026-05-26 11:02:55 event= message=Could not find the included template ../includes/require_auth.cfm. detail=Note: If you wish to use an absolute template path (for example, template="/mypath/index.cfm") with CFINCLUDE, you must create a mapping for the path using the ColdFusion Administrator. Or, you can use per-application settings to specify mappings specific to this application by specifying a mappings struct to THIS.mappings in Application.cfc. <br> Using relative paths (for example, template="index.cfm" or template="../index.cfm") does not require the creation of any special mappings. It is therefore recommended  that you use relative paths with CFINCLUDE whenever possible.
FPW_ERROR ts=2026-05-26 11:03:19 event= message=Could not find the included template ../includes/require_auth.cfm. detail=Note: If you wish to use an absolute template path (for example, template="/mypath/index.cfm") with CFINCLUDE, you must create a mapping for the path using the ColdFusion Administrator. Or, you can use per-application settings to specify mappings specific to this application by specifying a mappings struct to THIS.mappings in Application.cfc. <br> Using relative paths (for example, template="index.cfm" or template="../index.cfm") does not require the creation of any special mappings. It is therefore recommended  that you use relative paths with CFINCLUDE whenever possible.
FPW_ERROR ts=2026-05-26 11:06:39 event= message=Could not find the included template ../includes/require_auth.cfm. detail=Note: If you wish to use an absolute template path (for example, template="/mypath/index.cfm") with CFINCLUDE, you must create a mapping for the path using the ColdFusion Administrator. Or, you can use per-application settings to specify mappings specific to this application by specifying a mappings struct to THIS.mappings in Application.cfc. <br> Using relative paths (for example, template="index.cfm" or template="../index.cfm") does not require the creation of any special mappings. It is therefore recommended  that you use relative paths with CFINCLUDE whenever possible.
FPW_ERROR ts=2026-05-26 11:06:55 event= message=Could not find the included template ../includes/require_auth.cfm. detail=Note: If you wish to use an absolute template path (for example, template="/mypath/index.cfm") with CFINCLUDE, you must create a mapping for the path using the ColdFusion Administrator. Or, you can use per-application settings to specify mappings specific to this application by specifying a mappings struct to THIS.mappings in Application.cfc. <br> Using relative paths (for example, template="index.cfm" or template="../index.cfm") does not require the creation of any special mappings. It is therefore recommended  that you use relative paths with CFINCLUDE whenever possible.
FPW_ERROR ts=2026-05-26 11:13:19 event= message=Could not find the included template ../includes/require_auth.cfm. detail=Note: If you wish to use an absolute template path (for example, template="/mypath/index.cfm") with CFINCLUDE, you must create a mapping for the path using the ColdFusion Administrator. Or, you can use per-application settings to specify mappings specific to this application by specifying a mappings struct to THIS.mappings in Application.cfc. <br> Using relative paths (for example, template="index.cfm" or template="../index.cfm") does not require the creation of any special mappings. It is therefore recommended  that you use relative paths with CFINCLUDE whenever possible.
FPW_ERROR ts=2026-05-26 11:13:23 event= message=Could not find the included template ../includes/require_auth.cfm. detail=Note: If you wish to use an absolute template path (for example, template="/mypath/index.cfm") with CFINCLUDE, you must create a mapping for the path using the ColdFusion Administrator. Or, you can use per-application settings to specify mappings specific to this application by specifying a mappings struct to THIS.mappings in Application.cfc. <br> Using relative paths (for example, template="index.cfm" or template="../index.cfm") does not require the creation of any special mappings. It is therefore recommended  that you use relative paths with CFINCLUDE whenever possible.
FPW_ERROR ts=2026-05-26 11:15:27 event= message=Could not find the included template ../includes/require_auth.cfm. detail=Note: If you wish to use an absolute template path (for example, template="/mypath/index.cfm") with CFINCLUDE, you must create a mapping for the path using the ColdFusion Administrator. Or, you can use per-application settings to specify mappings specific to this application by specifying a mappings struct to THIS.mappings in Application.cfc. <br> Using relative paths (for example, template="index.cfm" or template="../index.cfm") does not require the creation of any special mappings. It is therefore recommended  that you use relative paths with CFINCLUDE whenever possible.
FPW_ERROR ts=2026-05-26 11:18:03 event= message=Could not find the included template ../includes/require_auth.cfm. detail=Note: If you wish to use an absolute template path (for example, template="/mypath/index.cfm") with CFINCLUDE, you must create a mapping for the path using the ColdFusion Administrator. Or, you can use per-application settings to specify mappings specific to this application by specifying a mappings struct to THIS.mappings in Application.cfc. <br> Using relative paths (for example, template="index.cfm" or template="../index.cfm") does not require the creation of any special mappings. It is therefore recommended  that you use relative paths with CFINCLUDE whenever possible.
FPW_ERROR ts=2026-05-26 11:30:06 event= message=The request has exceeded the allowable time limit Tag: cfoutput detail=
FPW_ERROR ts=2026-05-26 11:37:04 requestId=F123C48E-DC2C-33C4-064227CDB47CA39B event=- method=GET scriptName=/api/v1/weather.cfc pathInfo=- queryString=method=handle&action=search&returnformat=json&zip=79930&marineOnly=1&marineMode=full referrer=https://floatplanwizard.tmpsite.media3.us/app/weather.cfm userAgent=Mozilla/5.0_(Macintosh;_Intel_Mac_OS_X_10_15_7)_AppleWebKit/605.1.15_(KHTML,_like_Gecko)_Version/26.3.1_Safari/605.1.15 remoteAddr=47.205.238.210 sessionUserId=1 exceptionType=- tagContext=- message=The request has exceeded the allowable time limit Tag: cfoutput detail=
FPW_ERROR ts=2026-05-27 21:56:49 requestId=3AFC1B6D-0A1A-1388-630CE8940092367D event=- method=GET scriptName=/api/v1/marineName.cfc pathInfo=- queryString=method=lookup&lat=28.200214774308133&lng=-82.7232795585978 referrer=https://floatplanwizard.tmpsite.media3.us/app/dashboard.cfm userAgent=Mozilla/5.0_(Macintosh;_Intel_Mac_OS_X_10_15_7)_AppleWebKit/605.1.15_(KHTML,_like_Gecko)_Version/26.3.1_Safari/605.1.15 remoteAddr=47.205.238.210 sessionUserId=1 exceptionType=- tagContext=- message=Variable CACHED is undefined. detail=
FPW_ERROR ts=2026-05-27 21:56:49 requestId=3AFC22E6-B383-37CE-68CAE487C710994D event=- method=GET scriptName=/api/v1/marineName.cfc pathInfo=- queryString=method=lookup&lat=28.200214774308133&lng=-82.7232795585978 referrer=https://floatplanwizard.tmpsite.media3.us/app/dashboard.cfm userAgent=Mozilla/5.0_(Macintosh;_Intel_Mac_OS_X_10_15_7)_AppleWebKit/605.1.15_(KHTML,_like_Gecko)_Version/26.3.1_Safari/605.1.15 remoteAddr=47.205.238.210 sessionUserId=1 exceptionType=- tagContext=- message=Variable CACHED is undefined. detail=
FPW_ERROR ts=2026-05-28 16:05:09 requestId=61E82236-E7B0-2AB8-E909F9559AADF917 event=- method=GET scriptName=/api/v1/marineName.cfc pathInfo=- queryString=method=lookup&lat=28.23046758151566&lng=-82.74112721148019 referrer=https://floatplanwizard.tmpsite.media3.us/app/dashboard.cfm userAgent=Mozilla/5.0_(Macintosh;_Intel_Mac_OS_X_10_15_7)_AppleWebKit/605.1.15_(KHTML,_like_Gecko)_Version/26.5_Safari/605.1.15 remoteAddr=47.205.238.210 sessionUserId=1 exceptionType=- tagContext=- message=Variable CACHED is undefined. detail=
FPW_ERROR ts=2026-05-28 16:05:25 requestId=61EA7807-E0A3-CEA5-2ABF1CB7BA60CDF5 event=- method=GET scriptName=/api/v1/marineName.cfc pathInfo=- queryString=method=lookup&lat=28.325405641714354&lng=-82.7685851389916 referrer=https://floatplanwizard.tmpsite.media3.us/app/dashboard.cfm userAgent=Mozilla/5.0_(Macintosh;_Intel_Mac_OS_X_10_15_7)_AppleWebKit/605.1.15_(KHTML,_like_Gecko)_Version/26.5_Safari/605.1.15 remoteAddr=47.205.238.210 sessionUserId=1 exceptionType=- tagContext=- message=Variable CACHED is undefined. detail=
FPW_ERROR ts=2026-05-29 08:59:55 requestId=8632DA5D-AC49-1AC8-21A1187938CFB01E event=- method=GET scriptName=/test.cfm pathInfo=- queryString=- referrer=- userAgent=Mozilla/5.0_(Macintosh;_Intel_Mac_OS_X_10_15_7)_AppleWebKit/605.1.15_(KHTML,_like_Gecko)_Version/26.5_Safari/605.1.15 remoteAddr=47.205.238.210 sessionUserId=1 exceptionType=- tagContext=- message=Variable RES is undefined. detail=
FPW_ERROR ts=2026-05-29 09:01:04 requestId=863D4369-07C8-5193-CCB94FAF4A31F8D5 event=- method=GET scriptName=/test.cfm pathInfo=- queryString=- referrer=- userAgent=Mozilla/5.0_(Macintosh;_Intel_Mac_OS_X_10_15_7)_AppleWebKit/605.1.15_(KHTML,_like_Gecko)_Version/26.5_Safari/605.1.15 remoteAddr=47.205.238.210 sessionUserId=1 exceptionType=- tagContext=- message=Task with name runFloatPlanMonitor, group DEFAULT and mode server already exists detail=
FPW_ERROR ts=2026-05-29 09:01:05 requestId=863D77BA-972A-BC4B-CDD0C827FEE67E97 event=- method=GET scriptName=/test.cfm pathInfo=- queryString=- referrer=- userAgent=Mozilla/5.0_(Macintosh;_Intel_Mac_OS_X_10_15_7)_AppleWebKit/605.1.15_(KHTML,_like_Gecko)_Version/26.5_Safari/605.1.15 remoteAddr=47.205.238.210 sessionUserId=1 exceptionType=- tagContext=- message=Task with name runFloatPlanMonitor, group DEFAULT and mode server already exists detail=
FPW_ERROR ts=2026-05-29 09:01:06 requestId=863D9635-D40E-AE83-C0D3CB3857418474 event=- method=GET scriptName=/test.cfm pathInfo=- queryString=- referrer=- userAgent=Mozilla/5.0_(Macintosh;_Intel_Mac_OS_X_10_15_7)_AppleWebKit/605.1.15_(KHTML,_like_Gecko)_Version/26.5_Safari/605.1.15 remoteAddr=47.205.238.210 sessionUserId=1 exceptionType=- tagContext=- message=Task with name runFloatPlanMonitor, group DEFAULT and mode server already exists detail=
FPW_ERROR ts=2026-05-29 09:01:08 requestId=863DEAE5-D3B8-3C04-CD98A8BB09D7E86C event=- method=GET scriptName=/test.cfm pathInfo=- queryString=- referrer=- userAgent=Mozilla/5.0_(Macintosh;_Intel_Mac_OS_X_10_15_7)_AppleWebKit/605.1.15_(KHTML,_like_Gecko)_Version/26.5_Safari/605.1.15 remoteAddr=47.205.238.210 sessionUserId=1 exceptionType=- tagContext=- message=Task with name runFloatPlanMonitor, group DEFAULT and mode server already exists detail=
FPW_ERROR ts=2026-05-29 09:01:09 requestId=863E08F1-C13E-14C8-34604512FEFD9115 event=- method=GET scriptName=/test.cfm pathInfo=- queryString=- referrer=- userAgent=Mozilla/5.0_(Macintosh;_Intel_Mac_OS_X_10_15_7)_AppleWebKit/605.1.15_(KHTML,_like_Gecko)_Version/26.5_Safari/605.1.15 remoteAddr=47.205.238.210 sessionUserId=1 exceptionType=- tagContext=- message=Task with name runFloatPlanMonitor, group DEFAULT and mode server already exists detail=
FPW_ERROR ts=2026-05-29 09:30:07 requestId=87473FC6-EB0F-BB00-107F11C3F052B8BA event=- method=GET scriptName=/api/v1/marineName.cfc pathInfo=- queryString=method=lookup&lat=28.23046758151566&lng=-82.74250010785578 referrer=https://www.floatplanwizard.com/app/dashboard.cfm userAgent=Mozilla/5.0_(Macintosh;_Intel_Mac_OS_X_10_15_7)_AppleWebKit/605.1.15_(KHTML,_like_Gecko)_Version/26.5_Safari/605.1.15 remoteAddr=47.205.238.210 sessionUserId=1 exceptionType=- tagContext=- message=Variable CACHED is undefined. detail=
FPW_ERROR ts=2026-05-29 09:32:29 requestId=875CF03F-0E4E-741C-89BFB240D550F926 event=- method=GET scriptName=/api/v1/marineName.cfc pathInfo=- queryString=method=lookup&lat=28.175401078994124&lng=-82.83585706139449 referrer=https://www.floatplanwizard.com/app/dashboard.cfm userAgent=Mozilla/5.0_(Macintosh;_Intel_Mac_OS_X_10_15_7)_AppleWebKit/605.1.15_(KHTML,_like_Gecko)_Version/26.5_Safari/605.1.15 remoteAddr=47.205.238.210 sessionUserId=1 exceptionType=- tagContext=- message=Variable CACHED is undefined. detail=
FPW_ERROR ts=2026-05-29 11:36:22 requestId=8BCB0DB0-F3C1-6911-9DE41B4384F91D7E event=- method=GET scriptName=/test.cfm pathInfo=- queryString=- referrer=- userAgent=Mozilla/5.0_(Macintosh;_Intel_Mac_OS_X_10_15_7)_AppleWebKit/605.1.15_(KHTML,_like_Gecko)_Version/26.5_Safari/605.1.15 remoteAddr=47.205.238.210 sessionUserId=- exceptionType=- tagContext=- message=Variable GETEMAILCONFIG is undefined. detail=
FPW_ERROR ts=2026-05-29 11:38:47 requestId=8BE14D37-DD85-85DF-D927635AC6C48E2E event=- method=GET scriptName=/test.cfm pathInfo=- queryString=- referrer=- userAgent=Mozilla/5.0_(Macintosh;_Intel_Mac_OS_X_10_15_7)_AppleWebKit/605.1.15_(KHTML,_like_Gecko)_Version/26.5_Safari/605.1.15 remoteAddr=47.205.238.210 sessionUserId=- exceptionType=- tagContext=- message=Variable GETEMAILCONFIG is undefined. detail=
