STRIPE_WEBHOOK_DEBUG ts=2026-05-17 21:36:48 stage=signature status=400 signatureHeaderPresent=true rawBodyLength=5838 error=STRIPE_SIGNATURE_TIMESTAMP_OUTSIDE_TOLERANCE message=Stripe signature timestamp is outside tolerance.
STRIPE_WEBHOOK_DEBUG ts=2026-05-17 21:37:02 stage=signature status=400 signatureHeaderPresent=true rawBodyLength=5859 error=STRIPE_SIGNATURE_TIMESTAMP_OUTSIDE_TOLERANCE message=Stripe signature timestamp is outside tolerance.
STRIPE_WEBHOOK_DEBUG ts=2026-05-17 21:37:03 stage=signature status=400 signatureHeaderPresent=true rawBodyLength=4051 error=STRIPE_SIGNATURE_TIMESTAMP_OUTSIDE_TOLERANCE message=Stripe signature timestamp is outside tolerance.
STRIPE_WEBHOOK_DEBUG ts=2026-05-17 21:37:03 stage=signature status=400 signatureHeaderPresent=true rawBodyLength=5884 error=STRIPE_SIGNATURE_TIMESTAMP_OUTSIDE_TOLERANCE message=Stripe signature timestamp is outside tolerance.
STRIPE_WEBHOOK_DEBUG ts=2026-05-17 21:45:26 stage=signature status=400 signatureHeaderPresent=false rawBodyLength=0 error=STRIPE_SIGNATURE_MISSING message=Stripe-Signature header is required.
STRIPE_WEBHOOK_DEBUG ts=2026-05-17 22:03:16 stage=signature status=400 signatureHeaderPresent=true rawBodyLength=5859 error=STRIPE_SIGNATURE_TIMESTAMP_OUTSIDE_TOLERANCE message=Stripe signature timestamp is outside tolerance.
STRIPE_WEBHOOK_DEBUG ts=2026-05-17 22:03:17 stage=signature status=400 signatureHeaderPresent=true rawBodyLength=5884 error=STRIPE_SIGNATURE_TIMESTAMP_OUTSIDE_TOLERANCE message=Stripe signature timestamp is outside tolerance.
STRIPE_WEBHOOK_DEBUG ts=2026-05-17 22:03:17 stage=signature status=400 signatureHeaderPresent=true rawBodyLength=4051 error=STRIPE_SIGNATURE_TIMESTAMP_OUTSIDE_TOLERANCE message=Stripe signature timestamp is outside tolerance.
STRIPE_WEBHOOK_DEBUG ts=2026-05-17 22:18:22 stage=signature status=400 signatureHeaderPresent=true rawBodyLength=5852 error=STRIPE_SIGNATURE_TIMESTAMP_OUTSIDE_TOLERANCE message=Stripe signature timestamp is outside tolerance.
STRIPE_WEBHOOK_DEBUG ts=2026-05-17 22:18:22 stage=signature status=400 signatureHeaderPresent=true rawBodyLength=3957 error=STRIPE_SIGNATURE_TIMESTAMP_OUTSIDE_TOLERANCE message=Stripe signature timestamp is outside tolerance.
STRIPE_WEBHOOK_DEBUG ts=2026-05-17 22:18:23 stage=signature status=400 signatureHeaderPresent=true rawBodyLength=5941 error=STRIPE_SIGNATURE_TIMESTAMP_OUTSIDE_TOLERANCE message=Stripe signature timestamp is outside tolerance.
STRIPE_WEBHOOK_DEBUG ts=2026-05-17 22:20:43 stage=signature status=400 signatureHeaderPresent=false rawBodyLength=0 error=STRIPE_SIGNATURE_MISSING message=Stripe-Signature header is required.
STRIPE_WEBHOOK_DEBUG ts=2026-05-17 22:24:00 stage=signature status=400 signatureHeaderPresent=true rawBodyLength=5828 error=STRIPE_SIGNATURE_TIMESTAMP_OUTSIDE_TOLERANCE message=Stripe signature timestamp is outside tolerance.
STRIPE_WEBHOOK_DEBUG ts=2026-05-17 22:24:01 stage=signature status=400 signatureHeaderPresent=true rawBodyLength=5853 error=STRIPE_SIGNATURE_TIMESTAMP_OUTSIDE_TOLERANCE message=Stripe signature timestamp is outside tolerance.
STRIPE_WEBHOOK_DEBUG ts=2026-05-17 22:25:23 stage=signature status=400 signatureHeaderPresent=true rawBodyLength=4047 error=STRIPE_SIGNATURE_TIMESTAMP_OUTSIDE_TOLERANCE message=Stripe signature timestamp is outside tolerance.
STRIPE_WEBHOOK_DEBUG ts=2026-05-17 22:26:53 stage=signature status=400 signatureHeaderPresent=true rawBodyLength=5859 error=STRIPE_SIGNATURE_TIMESTAMP_OUTSIDE_TOLERANCE message=Stripe signature timestamp is outside tolerance.
STRIPE_WEBHOOK_DEBUG ts=2026-05-17 22:27:45 stage=signature status=400 signatureHeaderPresent=true rawBodyLength=5884 error=STRIPE_SIGNATURE_TIMESTAMP_OUTSIDE_TOLERANCE message=Stripe signature timestamp is outside tolerance.
STRIPE_WEBHOOK_DEBUG ts=2026-05-17 22:28:08 stage=signature status=400 signatureHeaderPresent=true rawBodyLength=4051 error=STRIPE_SIGNATURE_TIMESTAMP_OUTSIDE_TOLERANCE message=Stripe signature timestamp is outside tolerance.
STRIPE_WEBHOOK_DEBUG ts=2026-05-17 22:31:20 stage=signature status=400 signatureHeaderPresent=true rawBodyLength=5941 error=STRIPE_SIGNATURE_TIMESTAMP_OUTSIDE_TOLERANCE message=Stripe signature timestamp is outside tolerance.
STRIPE_WEBHOOK_DEBUG ts=2026-05-17 22:32:08 stage=signature status=400 signatureHeaderPresent=true rawBodyLength=5852 error=STRIPE_SIGNATURE_TIMESTAMP_OUTSIDE_TOLERANCE message=Stripe signature timestamp is outside tolerance.
STRIPE_WEBHOOK_DEBUG ts=2026-05-17 22:32:51 stage=signature status=400 signatureHeaderPresent=true rawBodyLength=3957 error=STRIPE_SIGNATURE_TIMESTAMP_OUTSIDE_TOLERANCE message=Stripe signature timestamp is outside tolerance.
STRIPE_WEBHOOK_DEBUG ts=2026-05-17 22:34:17 stage=signature status=400 signatureHeaderPresent=true rawBodyLength=5859 error=STRIPE_SIGNATURE_TIMESTAMP_OUTSIDE_TOLERANCE message=Stripe signature timestamp is outside tolerance.
STRIPE_WEBHOOK_DEBUG ts=2026-05-17 22:34:18 stage=signature status=400 signatureHeaderPresent=true rawBodyLength=5884 error=STRIPE_SIGNATURE_TIMESTAMP_OUTSIDE_TOLERANCE message=Stripe signature timestamp is outside tolerance.
STRIPE_WEBHOOK_DEBUG ts=2026-05-17 22:34:18 stage=signature status=400 signatureHeaderPresent=true rawBodyLength=4051 error=STRIPE_SIGNATURE_TIMESTAMP_OUTSIDE_TOLERANCE message=Stripe signature timestamp is outside tolerance.
STRIPE_WEBHOOK_DEBUG ts=2026-05-17 22:36:37 stage=signature status=400 signatureHeaderPresent=true rawBodyLength=5884 error=STRIPE_SIGNATURE_TIMESTAMP_OUTSIDE_TOLERANCE message=Stripe signature timestamp is outside tolerance.
STRIPE_WEBHOOK_DEBUG ts=2026-05-17 22:37:44 stage=signature status=400 signatureHeaderPresent=true rawBodyLength=5859 error=STRIPE_SIGNATURE_TIMESTAMP_OUTSIDE_TOLERANCE message=Stripe signature timestamp is outside tolerance.
STRIPE_WEBHOOK_DEBUG ts=2026-05-17 22:37:50 stage=signature status=400 signatureHeaderPresent=true rawBodyLength=4051 error=STRIPE_SIGNATURE_TIMESTAMP_OUTSIDE_TOLERANCE message=Stripe signature timestamp is outside tolerance.
STRIPE_WEBHOOK_DEBUG ts=2026-05-17 22:52:13 stage=signature status=400 signatureHeaderPresent=true rawBodyLength=5859 error=STRIPE_SIGNATURE_TIMESTAMP_OUTSIDE_TOLERANCE message=Stripe signature timestamp is outside tolerance.
STRIPE_WEBHOOK_DEBUG ts=2026-05-17 22:52:14 stage=signature status=400 signatureHeaderPresent=true rawBodyLength=4051 error=STRIPE_SIGNATURE_TIMESTAMP_OUTSIDE_TOLERANCE message=Stripe signature timestamp is outside tolerance.
STRIPE_WEBHOOK_DEBUG ts=2026-05-17 22:52:14 stage=signature status=400 signatureHeaderPresent=true rawBodyLength=5884 error=STRIPE_SIGNATURE_TIMESTAMP_OUTSIDE_TOLERANCE message=Stripe signature timestamp is outside tolerance.
STRIPE_WEBHOOK_DEBUG ts=2026-05-17 22:59:24 stage=signature status=400 signatureHeaderPresent=true rawBodyLength=5854 error=STRIPE_SIGNATURE_TIMESTAMP_OUTSIDE_TOLERANCE message=Stripe signature timestamp is outside tolerance.
STRIPE_WEBHOOK_DEBUG ts=2026-05-17 22:59:24 stage=signature status=400 signatureHeaderPresent=true rawBodyLength=3959 error=STRIPE_SIGNATURE_TIMESTAMP_OUTSIDE_TOLERANCE message=Stripe signature timestamp is outside tolerance.
STRIPE_WEBHOOK_DEBUG ts=2026-05-17 22:59:24 stage=signature status=400 signatureHeaderPresent=true rawBodyLength=5941 error=STRIPE_SIGNATURE_TIMESTAMP_OUTSIDE_TOLERANCE message=Stripe signature timestamp is outside tolerance.
STRIPE_WEBHOOK_DEBUG ts=2026-05-17 23:03:14 stage=signature status=400 signatureHeaderPresent=true rawBodyLength=5884 error=STRIPE_SIGNATURE_TIMESTAMP_OUTSIDE_TOLERANCE message=Stripe signature timestamp is outside tolerance.
STRIPE_WEBHOOK_DEBUG ts=2026-05-17 23:03:23 stage=signature status=400 signatureHeaderPresent=true rawBodyLength=5859 error=STRIPE_SIGNATURE_TIMESTAMP_OUTSIDE_TOLERANCE message=Stripe signature timestamp is outside tolerance.
STRIPE_WEBHOOK_DEBUG ts=2026-05-17 23:03:46 stage=signature status=400 signatureHeaderPresent=true rawBodyLength=4051 error=STRIPE_SIGNATURE_TIMESTAMP_OUTSIDE_TOLERANCE message=Stripe signature timestamp is outside tolerance.
STRIPE_WEBHOOK_DEBUG stage=signature-timestamp stripeTimestamp=1779073751 serverEpochNow=1779073752 deltaSeconds=3598 toleranceSeconds=300 serverNowUtc=2026-05-18T03:09:12 serverNowLocal=2026-05-17T23:09:12 signatureHeaderPresent=true rawBodyLength=5851
STRIPE_WEBHOOK_DEBUG ts=2026-05-17 23:09:12 stage=signature status=400 signatureHeaderPresent=true rawBodyLength=5851 error=STRIPE_SIGNATURE_TIMESTAMP_OUTSIDE_TOLERANCE message=Stripe signature timestamp is outside tolerance.
STRIPE_WEBHOOK_DEBUG stage=signature-timestamp stripeTimestamp=1779073751 serverEpochNow=1779073752 deltaSeconds=3598 toleranceSeconds=300 serverNowUtc=2026-05-18T03:09:12 serverNowLocal=2026-05-17T23:09:12 signatureHeaderPresent=true rawBodyLength=3956
STRIPE_WEBHOOK_DEBUG ts=2026-05-17 23:09:12 stage=signature status=400 signatureHeaderPresent=true rawBodyLength=3956 error=STRIPE_SIGNATURE_TIMESTAMP_OUTSIDE_TOLERANCE message=Stripe signature timestamp is outside tolerance.
STRIPE_WEBHOOK_DEBUG stage=signature-timestamp stripeTimestamp=1779073752 serverEpochNow=1779073752 deltaSeconds=3599 toleranceSeconds=300 serverNowUtc=2026-05-18T03:09:12 serverNowLocal=2026-05-17T23:09:12 signatureHeaderPresent=true rawBodyLength=5941
STRIPE_WEBHOOK_DEBUG ts=2026-05-17 23:09:12 stage=signature status=400 signatureHeaderPresent=true rawBodyLength=5941 error=STRIPE_SIGNATURE_TIMESTAMP_OUTSIDE_TOLERANCE message=Stripe signature timestamp is outside tolerance.
STRIPE_WEBHOOK_DEBUG stage=signature-timestamp stripeTimestamp=1779074061 serverEpochNow=1779074061 deltaSeconds=3599 toleranceSeconds=300 serverNowUtc=2026-05-18T03:14:21 serverNowLocal=2026-05-17T23:14:21 signatureHeaderPresent=true rawBodyLength=5851
STRIPE_WEBHOOK_DEBUG ts=2026-05-17 23:14:21 stage=signature status=400 signatureHeaderPresent=true rawBodyLength=5851 error=STRIPE_SIGNATURE_TIMESTAMP_OUTSIDE_TOLERANCE message=Stripe signature timestamp is outside tolerance.
STRIPE_WEBHOOK_DEBUG stage=signature-timestamp stripeTimestamp=1779074061 serverEpochNow=1779074061 deltaSeconds=3599 toleranceSeconds=300 serverNowUtc=2026-05-18T03:14:21 serverNowLocal=2026-05-17T23:14:21 signatureHeaderPresent=true rawBodyLength=3956
STRIPE_WEBHOOK_DEBUG ts=2026-05-17 23:14:21 stage=signature status=400 signatureHeaderPresent=true rawBodyLength=3956 error=STRIPE_SIGNATURE_TIMESTAMP_OUTSIDE_TOLERANCE message=Stripe signature timestamp is outside tolerance.
STRIPE_WEBHOOK_DEBUG stage=signature-timestamp stripeTimestamp=1779074061 serverEpochNow=1779074062 deltaSeconds=3598 toleranceSeconds=300 serverNowUtc=2026-05-18T03:14:22 serverNowLocal=2026-05-17T23:14:22 signatureHeaderPresent=true rawBodyLength=5941
STRIPE_WEBHOOK_DEBUG ts=2026-05-17 23:14:22 stage=signature status=400 signatureHeaderPresent=true rawBodyLength=5941 error=STRIPE_SIGNATURE_TIMESTAMP_OUTSIDE_TOLERANCE message=Stripe signature timestamp is outside tolerance.
STRIPE_WEBHOOK_DEBUG stage=signature-timestamp stripeTimestamp=1779074311 serverEpochNow=1779074311 deltaSeconds=3599 toleranceSeconds=300 serverNowUtc=2026-05-18T03:18:31 serverNowLocal=2026-05-17T23:18:31 signatureHeaderPresent=true rawBodyLength=5859
STRIPE_WEBHOOK_DEBUG ts=2026-05-17 23:18:31 stage=signature status=400 signatureHeaderPresent=true rawBodyLength=5859 error=STRIPE_SIGNATURE_TIMESTAMP_OUTSIDE_TOLERANCE message=Stripe signature timestamp is outside tolerance.
STRIPE_WEBHOOK_DEBUG stage=signature-timestamp stripeTimestamp=1779074312 serverEpochNow=1779074312 deltaSeconds=3599 toleranceSeconds=300 serverNowUtc=2026-05-18T03:18:32 serverNowLocal=2026-05-17T23:18:32 signatureHeaderPresent=true rawBodyLength=5884
STRIPE_WEBHOOK_DEBUG ts=2026-05-17 23:18:32 stage=signature status=400 signatureHeaderPresent=true rawBodyLength=5884 error=STRIPE_SIGNATURE_TIMESTAMP_OUTSIDE_TOLERANCE message=Stripe signature timestamp is outside tolerance.
STRIPE_WEBHOOK_DEBUG stage=signature-timestamp stripeTimestamp=1779074312 serverEpochNow=1779074312 deltaSeconds=3599 toleranceSeconds=300 serverNowUtc=2026-05-18T03:18:32 serverNowLocal=2026-05-17T23:18:32 signatureHeaderPresent=true rawBodyLength=4051
STRIPE_WEBHOOK_DEBUG ts=2026-05-17 23:18:32 stage=signature status=400 signatureHeaderPresent=true rawBodyLength=4051 error=STRIPE_SIGNATURE_TIMESTAMP_OUTSIDE_TOLERANCE message=Stripe signature timestamp is outside tolerance.
STRIPE_WEBHOOK_DEBUG stage=signature-timestamp stripeTimestamp=1779074319 serverEpochNow=1779074320 deltaSeconds=3598 toleranceSeconds=300 serverNowUtc=2026-05-18T03:18:40 serverNowLocal=2026-05-17T23:18:40 signatureHeaderPresent=true rawBodyLength=3957
STRIPE_WEBHOOK_DEBUG ts=2026-05-17 23:18:40 stage=signature status=400 signatureHeaderPresent=true rawBodyLength=3957 error=STRIPE_SIGNATURE_TIMESTAMP_OUTSIDE_TOLERANCE message=Stripe signature timestamp is outside tolerance.
STRIPE_WEBHOOK_DEBUG ts=2026-05-17 23:19:19 stage=signature status=400 signatureHeaderPresent=false rawBodyLength=0 error=STRIPE_SIGNATURE_MISSING message=Stripe-Signature header is required.
STRIPE_WEBHOOK_DEBUG stage=signature-timestamp stripeTimestamp=1779074361 serverEpochNow=1779074361 deltaSeconds=3599 toleranceSeconds=300 serverNowUtc=2026-05-18T03:19:21 serverNowLocal=2026-05-17T23:19:21 signatureHeaderPresent=true rawBodyLength=5941
STRIPE_WEBHOOK_DEBUG ts=2026-05-17 23:19:21 stage=signature status=400 signatureHeaderPresent=true rawBodyLength=5941 error=STRIPE_SIGNATURE_TIMESTAMP_OUTSIDE_TOLERANCE message=Stripe signature timestamp is outside tolerance.
STRIPE_WEBHOOK_DEBUG stage=signature-timestamp stripeTimestamp=1779073773 serverEpochNow=1779074373 deltaSeconds=2999 toleranceSeconds=300 serverNowUtc=2026-05-18T03:19:33 serverNowLocal=2026-05-17T23:19:33 signatureHeaderPresent=true rawBodyLength=65
STRIPE_WEBHOOK_DEBUG ts=2026-05-17 23:19:33 stage=signature status=400 signatureHeaderPresent=true rawBodyLength=65 error=STRIPE_SIGNATURE_TIMESTAMP_OUTSIDE_TOLERANCE message=Stripe signature timestamp is outside tolerance.
STRIPE_WEBHOOK_DEBUG stage=signature-timestamp stripeTimestamp=1779074383 serverEpochNow=1779074464 deltaSeconds=3518 toleranceSeconds=300 serverNowUtc=2026-05-18T03:21:04 serverNowLocal=2026-05-17T23:21:04 signatureHeaderPresent=true rawBodyLength=5852
STRIPE_WEBHOOK_DEBUG ts=2026-05-17 23:21:04 stage=signature status=400 signatureHeaderPresent=true rawBodyLength=5852 error=STRIPE_SIGNATURE_TIMESTAMP_OUTSIDE_TOLERANCE message=Stripe signature timestamp is outside tolerance.
STRIPE_WEBHOOK_DEBUG stage=signature-timestamp stripeTimestamp=1779074490 serverEpochNow=1779074491 deltaSeconds=3598 toleranceSeconds=300 serverNowUtc=2026-05-18T03:21:31 serverNowLocal=2026-05-17T23:21:31 signatureHeaderPresent=true rawBodyLength=5850
STRIPE_WEBHOOK_DEBUG ts=2026-05-17 23:21:31 stage=signature status=400 signatureHeaderPresent=true rawBodyLength=5850 error=STRIPE_SIGNATURE_TIMESTAMP_OUTSIDE_TOLERANCE message=Stripe signature timestamp is outside tolerance.
STRIPE_WEBHOOK_DEBUG stage=signature-timestamp stripeTimestamp=1779074490 serverEpochNow=1779074491 deltaSeconds=3598 toleranceSeconds=300 serverNowUtc=2026-05-18T03:21:31 serverNowLocal=2026-05-17T23:21:31 signatureHeaderPresent=true rawBodyLength=3923
STRIPE_WEBHOOK_DEBUG ts=2026-05-17 23:21:31 stage=signature status=400 signatureHeaderPresent=true rawBodyLength=3923 error=STRIPE_SIGNATURE_TIMESTAMP_OUTSIDE_TOLERANCE message=Stripe signature timestamp is outside tolerance.
STRIPE_WEBHOOK_DEBUG stage=signature-timestamp stripeTimestamp=1779074491 serverEpochNow=1779074491 deltaSeconds=3599 toleranceSeconds=300 serverNowUtc=2026-05-18T03:21:31 serverNowLocal=2026-05-17T23:21:31 signatureHeaderPresent=true rawBodyLength=5941
STRIPE_WEBHOOK_DEBUG ts=2026-05-17 23:21:31 stage=signature status=400 signatureHeaderPresent=true rawBodyLength=5941 error=STRIPE_SIGNATURE_TIMESTAMP_OUTSIDE_TOLERANCE message=Stripe signature timestamp is outside tolerance.
STRIPE_WEBHOOK_DEBUG stage=signature-timestamp stripeTimestamp=1779074700 serverEpochNow=1779074701 deltaSeconds=3598 toleranceSeconds=300 serverNowUtc=2026-05-18T03:25:01 serverNowLocal=2026-05-17T23:25:01 signatureHeaderPresent=true rawBodyLength=5850
STRIPE_WEBHOOK_DEBUG ts=2026-05-17 23:25:01 stage=signature status=400 signatureHeaderPresent=true rawBodyLength=5850 error=STRIPE_SIGNATURE_TIMESTAMP_OUTSIDE_TOLERANCE message=Stripe signature timestamp is outside tolerance.
STRIPE_WEBHOOK_DEBUG stage=signature-timestamp stripeTimestamp=1779074701 serverEpochNow=1779074701 deltaSeconds=3599 toleranceSeconds=300 serverNowUtc=2026-05-18T03:25:01 serverNowLocal=2026-05-17T23:25:01 signatureHeaderPresent=true rawBodyLength=3955
STRIPE_WEBHOOK_DEBUG ts=2026-05-17 23:25:01 stage=signature status=400 signatureHeaderPresent=true rawBodyLength=3955 error=STRIPE_SIGNATURE_TIMESTAMP_OUTSIDE_TOLERANCE message=Stripe signature timestamp is outside tolerance.
STRIPE_WEBHOOK_DEBUG stage=signature-timestamp stripeTimestamp=1779074701 serverEpochNow=1779074701 deltaSeconds=3599 toleranceSeconds=300 serverNowUtc=2026-05-18T03:25:01 serverNowLocal=2026-05-17T23:25:01 signatureHeaderPresent=true rawBodyLength=5941
STRIPE_WEBHOOK_DEBUG ts=2026-05-17 23:25:01 stage=signature status=400 signatureHeaderPresent=true rawBodyLength=5941 error=STRIPE_SIGNATURE_TIMESTAMP_OUTSIDE_TOLERANCE message=Stripe signature timestamp is outside tolerance.
STRIPE_WEBHOOK_DEBUG ts=2026-05-24 14:30:38 stage=signature status=400 signatureHeaderPresent=true rawBodyLength=5931 error=STRIPE_WEBHOOK_SECRET_MISSING message=Stripe webhook secret is not configured.
STRIPE_WEBHOOK_DEBUG ts=2026-05-24 14:30:39 stage=signature status=400 signatureHeaderPresent=true rawBodyLength=5931 error=STRIPE_WEBHOOK_SECRET_MISSING message=Stripe webhook secret is not configured.
STRIPE_WEBHOOK_DEBUG ts=2026-05-24 14:30:40 stage=signature status=400 signatureHeaderPresent=true rawBodyLength=5931 error=STRIPE_WEBHOOK_SECRET_MISSING message=Stripe webhook secret is not configured.
STRIPE_WEBHOOK_DEBUG ts=2026-05-24 14:30:41 stage=signature status=400 signatureHeaderPresent=true rawBodyLength=5956 error=STRIPE_WEBHOOK_SECRET_MISSING message=Stripe webhook secret is not configured.
STRIPE_WEBHOOK_DEBUG ts=2026-05-24 14:30:42 stage=signature status=400 signatureHeaderPresent=true rawBodyLength=5932 error=STRIPE_WEBHOOK_SECRET_MISSING message=Stripe webhook secret is not configured.
STRIPE_WEBHOOK_DEBUG ts=2026-05-24 14:30:43 stage=signature status=400 signatureHeaderPresent=true rawBodyLength=5931 error=STRIPE_WEBHOOK_SECRET_MISSING message=Stripe webhook secret is not configured.
STRIPE_WEBHOOK_DEBUG ts=2026-05-24 14:30:52 stage=signature status=400 signatureHeaderPresent=true rawBodyLength=5931 error=STRIPE_WEBHOOK_SECRET_MISSING message=Stripe webhook secret is not configured.
STRIPE_WEBHOOK_DEBUG ts=2026-05-24 15:29:31 stage=signature status=400 signatureHeaderPresent=true rawBodyLength=5931 error=STRIPE_WEBHOOK_SECRET_MISSING message=Stripe webhook secret is not configured.
STRIPE_WEBHOOK_DEBUG ts=2026-05-24 15:29:54 stage=signature status=400 signatureHeaderPresent=true rawBodyLength=5931 error=STRIPE_WEBHOOK_SECRET_MISSING message=Stripe webhook secret is not configured.
STRIPE_WEBHOOK_DEBUG ts=2026-05-24 15:30:23 stage=signature status=400 signatureHeaderPresent=true rawBodyLength=5931 error=STRIPE_WEBHOOK_SECRET_MISSING message=Stripe webhook secret is not configured.
STRIPE_WEBHOOK_DEBUG ts=2026-05-24 15:31:10 stage=signature status=400 signatureHeaderPresent=true rawBodyLength=5931 error=STRIPE_WEBHOOK_SECRET_MISSING message=Stripe webhook secret is not configured.
STRIPE_WEBHOOK_DEBUG ts=2026-05-24 15:31:13 stage=signature status=400 signatureHeaderPresent=true rawBodyLength=5932 error=STRIPE_WEBHOOK_SECRET_MISSING message=Stripe webhook secret is not configured.
STRIPE_WEBHOOK_DEBUG ts=2026-05-24 15:31:15 stage=signature status=400 signatureHeaderPresent=true rawBodyLength=5956 error=STRIPE_WEBHOOK_SECRET_MISSING message=Stripe webhook secret is not configured.
STRIPE_WEBHOOK_DEBUG ts=2026-05-26 15:55:12 stage=signature status=400 signatureHeaderPresent=true rawBodyLength=5956 error=STRIPE_SIGNATURE_INVALID message=Stripe signature is invalid.
STRIPE_WEBHOOK_DEBUG ts=2026-05-26 15:55:27 stage=signature status=400 signatureHeaderPresent=true rawBodyLength=5956 error=STRIPE_SIGNATURE_INVALID message=Stripe signature is invalid.
STRIPE_WEBHOOK_DEBUG ts=2026-05-29 08:40:39 stage=signature status=400 signatureHeaderPresent=true rawBodyLength=3913 error=STRIPE_SIGNATURE_INVALID message=Stripe signature is invalid.
STRIPE_WEBHOOK_DEBUG ts=2026-05-29 08:40:39 stage=signature status=400 signatureHeaderPresent=true rawBodyLength=5865 error=STRIPE_SIGNATURE_INVALID message=Stripe signature is invalid.
STRIPE_WEBHOOK_DEBUG ts=2026-05-29 08:40:39 stage=signature status=400 signatureHeaderPresent=true rawBodyLength=5967 error=STRIPE_SIGNATURE_INVALID message=Stripe signature is invalid.
STRIPE_WEBHOOK_DEBUG ts=2026-05-29 08:40:54 stage=signature status=400 signatureHeaderPresent=true rawBodyLength=5967 error=STRIPE_SIGNATURE_INVALID message=Stripe signature is invalid.
STRIPE_WEBHOOK_DEBUG ts=2026-05-29 08:40:56 stage=signature status=400 signatureHeaderPresent=true rawBodyLength=5865 error=STRIPE_SIGNATURE_INVALID message=Stripe signature is invalid.
STRIPE_WEBHOOK_DEBUG ts=2026-05-29 08:40:56 stage=signature status=400 signatureHeaderPresent=true rawBodyLength=3913 error=STRIPE_SIGNATURE_INVALID message=Stripe signature is invalid.
STRIPE_WEBHOOK_DEBUG ts=2026-05-29 11:53:13 stage=signature status=400 signatureHeaderPresent=true rawBodyLength=5972 error=STRIPE_SIGNATURE_INVALID message=Stripe signature is invalid.
STRIPE_WEBHOOK_DEBUG ts=2026-05-29 11:53:29 stage=signature status=400 signatureHeaderPresent=true rawBodyLength=5972 error=STRIPE_SIGNATURE_INVALID message=Stripe signature is invalid.
STRIPE_WEBHOOK_DEBUG ts=2026-05-29 12:05:34 stage=signature status=400 signatureHeaderPresent=true rawBodyLength=3911 error=STRIPE_SIGNATURE_INVALID message=Stripe signature is invalid.
STRIPE_WEBHOOK_DEBUG ts=2026-05-29 12:05:34 stage=signature status=400 signatureHeaderPresent=true rawBodyLength=5933 error=STRIPE_SIGNATURE_INVALID message=Stripe signature is invalid.
STRIPE_WEBHOOK_DEBUG ts=2026-05-29 12:05:35 stage=signature status=400 signatureHeaderPresent=true rawBodyLength=5838 error=STRIPE_SIGNATURE_INVALID message=Stripe signature is invalid.
STRIPE_WEBHOOK_DEBUG ts=2026-05-29 12:22:56 stage=signature status=400 signatureHeaderPresent=true rawBodyLength=3908 error=STRIPE_SIGNATURE_INVALID message=Stripe signature is invalid.
STRIPE_WEBHOOK_DEBUG ts=2026-05-29 12:22:56 stage=signature status=400 signatureHeaderPresent=true rawBodyLength=5933 error=STRIPE_SIGNATURE_INVALID message=Stripe signature is invalid.
STRIPE_WEBHOOK_DEBUG ts=2026-05-29 12:22:57 stage=signature status=400 signatureHeaderPresent=true rawBodyLength=5835 error=STRIPE_SIGNATURE_INVALID message=Stripe signature is invalid.
STRIPE_WEBHOOK_DEBUG ts=2026-05-29 12:53:25 stage=signature status=400 signatureHeaderPresent=true rawBodyLength=5972 error=STRIPE_SIGNATURE_INVALID message=Stripe signature is invalid.
STRIPE_WEBHOOK_DEBUG ts=2026-05-29 13:04:40 stage=signature status=400 signatureHeaderPresent=true rawBodyLength=5933 error=STRIPE_SIGNATURE_INVALID message=Stripe signature is invalid.
STRIPE_WEBHOOK_DEBUG ts=2026-05-29 13:04:50 stage=signature status=400 signatureHeaderPresent=true rawBodyLength=3911 error=STRIPE_SIGNATURE_INVALID message=Stripe signature is invalid.
STRIPE_WEBHOOK_DEBUG ts=2026-05-29 13:06:32 stage=signature status=400 signatureHeaderPresent=true rawBodyLength=5838 error=STRIPE_SIGNATURE_INVALID message=Stripe signature is invalid.
STRIPE_WEBHOOK_DEBUG ts=2026-05-29 13:21:45 stage=signature status=400 signatureHeaderPresent=true rawBodyLength=5933 error=STRIPE_SIGNATURE_INVALID message=Stripe signature is invalid.
STRIPE_WEBHOOK_DEBUG ts=2026-05-29 13:22:01 stage=signature status=400 signatureHeaderPresent=true rawBodyLength=3908 error=STRIPE_SIGNATURE_INVALID message=Stripe signature is invalid.
STRIPE_WEBHOOK_DEBUG ts=2026-05-29 13:22:17 stage=signature status=400 signatureHeaderPresent=true rawBodyLength=5835 error=STRIPE_SIGNATURE_INVALID message=Stripe signature is invalid.
STRIPE_WEBHOOK_DEBUG ts=2026-05-29 14:01:34 stage=signature status=400 signatureHeaderPresent=true rawBodyLength=3914 error=STRIPE_SIGNATURE_INVALID message=Stripe signature is invalid.
STRIPE_WEBHOOK_DEBUG ts=2026-05-29 14:01:35 stage=signature status=400 signatureHeaderPresent=true rawBodyLength=5933 error=STRIPE_SIGNATURE_INVALID message=Stripe signature is invalid.
STRIPE_WEBHOOK_DEBUG ts=2026-05-29 14:01:35 stage=signature status=400 signatureHeaderPresent=true rawBodyLength=5847 error=STRIPE_SIGNATURE_INVALID message=Stripe signature is invalid.
STRIPE_WEBHOOK_DEBUG ts=2026-05-29 14:31:37 stage=signature status=400 signatureHeaderPresent=true rawBodyLength=3909 error=STRIPE_SIGNATURE_INVALID message=Stripe signature is invalid.
STRIPE_WEBHOOK_DEBUG ts=2026-05-29 14:31:37 stage=signature status=400 signatureHeaderPresent=true rawBodyLength=5933 error=STRIPE_SIGNATURE_INVALID message=Stripe signature is invalid.
STRIPE_WEBHOOK_DEBUG ts=2026-05-29 14:31:37 stage=signature status=400 signatureHeaderPresent=true rawBodyLength=5842 error=STRIPE_SIGNATURE_INVALID message=Stripe signature is invalid.
STRIPE_WEBHOOK_DEBUG ts=2026-05-29 14:35:49 stage=signature status=400 signatureHeaderPresent=true rawBodyLength=5947 error=STRIPE_SIGNATURE_INVALID message=Stripe signature is invalid.
STRIPE_WEBHOOK_DEBUG ts=2026-05-29 15:00:49 stage=signature status=400 signatureHeaderPresent=true rawBodyLength=3914 error=STRIPE_SIGNATURE_INVALID message=Stripe signature is invalid.
STRIPE_WEBHOOK_DEBUG ts=2026-05-29 15:01:01 stage=signature status=400 signatureHeaderPresent=true rawBodyLength=5847 error=STRIPE_SIGNATURE_INVALID message=Stripe signature is invalid.
STRIPE_WEBHOOK_DEBUG ts=2026-05-29 15:01:30 stage=signature status=400 signatureHeaderPresent=true rawBodyLength=5933 error=STRIPE_SIGNATURE_INVALID message=Stripe signature is invalid.
STRIPE_WEBHOOK_DEBUG ts=2026-05-29 15:03:33 stage=signature status=400 signatureHeaderPresent=true rawBodyLength=3911 error=STRIPE_SIGNATURE_INVALID message=Stripe signature is invalid.
STRIPE_WEBHOOK_DEBUG ts=2026-05-29 15:05:30 stage=signature status=400 signatureHeaderPresent=true rawBodyLength=5933 error=STRIPE_SIGNATURE_INVALID message=Stripe signature is invalid.
STRIPE_WEBHOOK_DEBUG ts=2026-05-29 15:08:33 stage=signature status=400 signatureHeaderPresent=true rawBodyLength=5838 error=STRIPE_SIGNATURE_INVALID message=Stripe signature is invalid.
STRIPE_WEBHOOK_DEBUG ts=2026-05-29 15:20:24 stage=signature status=400 signatureHeaderPresent=true rawBodyLength=5835 error=STRIPE_SIGNATURE_INVALID message=Stripe signature is invalid.
STRIPE_WEBHOOK_DEBUG ts=2026-05-29 15:20:29 stage=signature status=400 signatureHeaderPresent=true rawBodyLength=3908 error=STRIPE_SIGNATURE_INVALID message=Stripe signature is invalid.
STRIPE_WEBHOOK_DEBUG ts=2026-05-29 15:22:57 stage=signature status=400 signatureHeaderPresent=true rawBodyLength=5933 error=STRIPE_SIGNATURE_INVALID message=Stripe signature is invalid.
STRIPE_WEBHOOK_DEBUG ts=2026-05-29 15:30:55 stage=signature status=400 signatureHeaderPresent=true rawBodyLength=5842 error=STRIPE_SIGNATURE_INVALID message=Stripe signature is invalid.
STRIPE_WEBHOOK_DEBUG ts=2026-05-29 15:31:53 stage=signature status=400 signatureHeaderPresent=true rawBodyLength=5933 error=STRIPE_SIGNATURE_INVALID message=Stripe signature is invalid.
STRIPE_WEBHOOK_DEBUG ts=2026-05-29 15:32:00 stage=signature status=400 signatureHeaderPresent=true rawBodyLength=3909 error=STRIPE_SIGNATURE_INVALID message=Stripe signature is invalid.
STRIPE_WEBHOOK_DEBUG ts=2026-05-29 15:34:45 stage=signature status=400 signatureHeaderPresent=true rawBodyLength=5947 error=STRIPE_SIGNATURE_INVALID message=Stripe signature is invalid.
STRIPE_WEBHOOK_DEBUG ts=2026-05-29 15:55:54 stage=signature status=400 signatureHeaderPresent=true rawBodyLength=5947 error=STRIPE_SIGNATURE_INVALID message=Stripe signature is invalid.
