STRIPE_WEBHOOK_DEBUG ts=2026-05-17 21:36:48 stage=signature status=400 signatureHeaderPresent=true rawBodyLength=5838 error=STRIPE_SIGNATURE_TIMESTAMP_OUTSIDE_TOLERANCE message=Stripe signature timestamp is outside tolerance.
STRIPE_WEBHOOK_DEBUG ts=2026-05-17 21:37:02 stage=signature status=400 signatureHeaderPresent=true rawBodyLength=5859 error=STRIPE_SIGNATURE_TIMESTAMP_OUTSIDE_TOLERANCE message=Stripe signature timestamp is outside tolerance.
STRIPE_WEBHOOK_DEBUG ts=2026-05-17 21:37:03 stage=signature status=400 signatureHeaderPresent=true rawBodyLength=4051 error=STRIPE_SIGNATURE_TIMESTAMP_OUTSIDE_TOLERANCE message=Stripe signature timestamp is outside tolerance.
STRIPE_WEBHOOK_DEBUG ts=2026-05-17 21:37:03 stage=signature status=400 signatureHeaderPresent=true rawBodyLength=5884 error=STRIPE_SIGNATURE_TIMESTAMP_OUTSIDE_TOLERANCE message=Stripe signature timestamp is outside tolerance.
STRIPE_WEBHOOK_DEBUG ts=2026-05-17 21:45:26 stage=signature status=400 signatureHeaderPresent=false rawBodyLength=0 error=STRIPE_SIGNATURE_MISSING message=Stripe-Signature header is required.
STRIPE_WEBHOOK_DEBUG ts=2026-05-17 22:03:16 stage=signature status=400 signatureHeaderPresent=true rawBodyLength=5859 error=STRIPE_SIGNATURE_TIMESTAMP_OUTSIDE_TOLERANCE message=Stripe signature timestamp is outside tolerance.
STRIPE_WEBHOOK_DEBUG ts=2026-05-17 22:03:17 stage=signature status=400 signatureHeaderPresent=true rawBodyLength=5884 error=STRIPE_SIGNATURE_TIMESTAMP_OUTSIDE_TOLERANCE message=Stripe signature timestamp is outside tolerance.
STRIPE_WEBHOOK_DEBUG ts=2026-05-17 22:03:17 stage=signature status=400 signatureHeaderPresent=true rawBodyLength=4051 error=STRIPE_SIGNATURE_TIMESTAMP_OUTSIDE_TOLERANCE message=Stripe signature timestamp is outside tolerance.
STRIPE_WEBHOOK_DEBUG ts=2026-05-17 22:18:22 stage=signature status=400 signatureHeaderPresent=true rawBodyLength=5852 error=STRIPE_SIGNATURE_TIMESTAMP_OUTSIDE_TOLERANCE message=Stripe signature timestamp is outside tolerance.
STRIPE_WEBHOOK_DEBUG ts=2026-05-17 22:18:22 stage=signature status=400 signatureHeaderPresent=true rawBodyLength=3957 error=STRIPE_SIGNATURE_TIMESTAMP_OUTSIDE_TOLERANCE message=Stripe signature timestamp is outside tolerance.
STRIPE_WEBHOOK_DEBUG ts=2026-05-17 22:18:23 stage=signature status=400 signatureHeaderPresent=true rawBodyLength=5941 error=STRIPE_SIGNATURE_TIMESTAMP_OUTSIDE_TOLERANCE message=Stripe signature timestamp is outside tolerance.
STRIPE_WEBHOOK_DEBUG ts=2026-05-17 22:20:43 stage=signature status=400 signatureHeaderPresent=false rawBodyLength=0 error=STRIPE_SIGNATURE_MISSING message=Stripe-Signature header is required.
STRIPE_WEBHOOK_DEBUG ts=2026-05-17 22:24:00 stage=signature status=400 signatureHeaderPresent=true rawBodyLength=5828 error=STRIPE_SIGNATURE_TIMESTAMP_OUTSIDE_TOLERANCE message=Stripe signature timestamp is outside tolerance.
STRIPE_WEBHOOK_DEBUG ts=2026-05-17 22:24:01 stage=signature status=400 signatureHeaderPresent=true rawBodyLength=5853 error=STRIPE_SIGNATURE_TIMESTAMP_OUTSIDE_TOLERANCE message=Stripe signature timestamp is outside tolerance.
STRIPE_WEBHOOK_DEBUG ts=2026-05-17 22:25:23 stage=signature status=400 signatureHeaderPresent=true rawBodyLength=4047 error=STRIPE_SIGNATURE_TIMESTAMP_OUTSIDE_TOLERANCE message=Stripe signature timestamp is outside tolerance.
STRIPE_WEBHOOK_DEBUG ts=2026-05-17 22:26:53 stage=signature status=400 signatureHeaderPresent=true rawBodyLength=5859 error=STRIPE_SIGNATURE_TIMESTAMP_OUTSIDE_TOLERANCE message=Stripe signature timestamp is outside tolerance.
STRIPE_WEBHOOK_DEBUG ts=2026-05-17 22:27:45 stage=signature status=400 signatureHeaderPresent=true rawBodyLength=5884 error=STRIPE_SIGNATURE_TIMESTAMP_OUTSIDE_TOLERANCE message=Stripe signature timestamp is outside tolerance.
STRIPE_WEBHOOK_DEBUG ts=2026-05-17 22:28:08 stage=signature status=400 signatureHeaderPresent=true rawBodyLength=4051 error=STRIPE_SIGNATURE_TIMESTAMP_OUTSIDE_TOLERANCE message=Stripe signature timestamp is outside tolerance.
STRIPE_WEBHOOK_DEBUG ts=2026-05-17 22:31:20 stage=signature status=400 signatureHeaderPresent=true rawBodyLength=5941 error=STRIPE_SIGNATURE_TIMESTAMP_OUTSIDE_TOLERANCE message=Stripe signature timestamp is outside tolerance.
STRIPE_WEBHOOK_DEBUG ts=2026-05-17 22:32:08 stage=signature status=400 signatureHeaderPresent=true rawBodyLength=5852 error=STRIPE_SIGNATURE_TIMESTAMP_OUTSIDE_TOLERANCE message=Stripe signature timestamp is outside tolerance.
STRIPE_WEBHOOK_DEBUG ts=2026-05-17 22:32:51 stage=signature status=400 signatureHeaderPresent=true rawBodyLength=3957 error=STRIPE_SIGNATURE_TIMESTAMP_OUTSIDE_TOLERANCE message=Stripe signature timestamp is outside tolerance.
STRIPE_WEBHOOK_DEBUG ts=2026-05-17 22:34:17 stage=signature status=400 signatureHeaderPresent=true rawBodyLength=5859 error=STRIPE_SIGNATURE_TIMESTAMP_OUTSIDE_TOLERANCE message=Stripe signature timestamp is outside tolerance.
STRIPE_WEBHOOK_DEBUG ts=2026-05-17 22:34:18 stage=signature status=400 signatureHeaderPresent=true rawBodyLength=5884 error=STRIPE_SIGNATURE_TIMESTAMP_OUTSIDE_TOLERANCE message=Stripe signature timestamp is outside tolerance.
STRIPE_WEBHOOK_DEBUG ts=2026-05-17 22:34:18 stage=signature status=400 signatureHeaderPresent=true rawBodyLength=4051 error=STRIPE_SIGNATURE_TIMESTAMP_OUTSIDE_TOLERANCE message=Stripe signature timestamp is outside tolerance.
STRIPE_WEBHOOK_DEBUG ts=2026-05-17 22:36:37 stage=signature status=400 signatureHeaderPresent=true rawBodyLength=5884 error=STRIPE_SIGNATURE_TIMESTAMP_OUTSIDE_TOLERANCE message=Stripe signature timestamp is outside tolerance.
STRIPE_WEBHOOK_DEBUG ts=2026-05-17 22:37:44 stage=signature status=400 signatureHeaderPresent=true rawBodyLength=5859 error=STRIPE_SIGNATURE_TIMESTAMP_OUTSIDE_TOLERANCE message=Stripe signature timestamp is outside tolerance.
STRIPE_WEBHOOK_DEBUG ts=2026-05-17 22:37:50 stage=signature status=400 signatureHeaderPresent=true rawBodyLength=4051 error=STRIPE_SIGNATURE_TIMESTAMP_OUTSIDE_TOLERANCE message=Stripe signature timestamp is outside tolerance.
STRIPE_WEBHOOK_DEBUG ts=2026-05-17 22:52:13 stage=signature status=400 signatureHeaderPresent=true rawBodyLength=5859 error=STRIPE_SIGNATURE_TIMESTAMP_OUTSIDE_TOLERANCE message=Stripe signature timestamp is outside tolerance.
STRIPE_WEBHOOK_DEBUG ts=2026-05-17 22:52:14 stage=signature status=400 signatureHeaderPresent=true rawBodyLength=4051 error=STRIPE_SIGNATURE_TIMESTAMP_OUTSIDE_TOLERANCE message=Stripe signature timestamp is outside tolerance.
STRIPE_WEBHOOK_DEBUG ts=2026-05-17 22:52:14 stage=signature status=400 signatureHeaderPresent=true rawBodyLength=5884 error=STRIPE_SIGNATURE_TIMESTAMP_OUTSIDE_TOLERANCE message=Stripe signature timestamp is outside tolerance.
STRIPE_WEBHOOK_DEBUG ts=2026-05-17 22:59:24 stage=signature status=400 signatureHeaderPresent=true rawBodyLength=5854 error=STRIPE_SIGNATURE_TIMESTAMP_OUTSIDE_TOLERANCE message=Stripe signature timestamp is outside tolerance.
STRIPE_WEBHOOK_DEBUG ts=2026-05-17 22:59:24 stage=signature status=400 signatureHeaderPresent=true rawBodyLength=3959 error=STRIPE_SIGNATURE_TIMESTAMP_OUTSIDE_TOLERANCE message=Stripe signature timestamp is outside tolerance.
STRIPE_WEBHOOK_DEBUG ts=2026-05-17 22:59:24 stage=signature status=400 signatureHeaderPresent=true rawBodyLength=5941 error=STRIPE_SIGNATURE_TIMESTAMP_OUTSIDE_TOLERANCE message=Stripe signature timestamp is outside tolerance.
STRIPE_WEBHOOK_DEBUG ts=2026-05-17 23:03:14 stage=signature status=400 signatureHeaderPresent=true rawBodyLength=5884 error=STRIPE_SIGNATURE_TIMESTAMP_OUTSIDE_TOLERANCE message=Stripe signature timestamp is outside tolerance.
STRIPE_WEBHOOK_DEBUG ts=2026-05-17 23:03:23 stage=signature status=400 signatureHeaderPresent=true rawBodyLength=5859 error=STRIPE_SIGNATURE_TIMESTAMP_OUTSIDE_TOLERANCE message=Stripe signature timestamp is outside tolerance.
STRIPE_WEBHOOK_DEBUG ts=2026-05-17 23:03:46 stage=signature status=400 signatureHeaderPresent=true rawBodyLength=4051 error=STRIPE_SIGNATURE_TIMESTAMP_OUTSIDE_TOLERANCE message=Stripe signature timestamp is outside tolerance.
STRIPE_WEBHOOK_DEBUG stage=signature-timestamp stripeTimestamp=1779073751 serverEpochNow=1779073752 deltaSeconds=3598 toleranceSeconds=300 serverNowUtc=2026-05-18T03:09:12 serverNowLocal=2026-05-17T23:09:12 signatureHeaderPresent=true rawBodyLength=5851
STRIPE_WEBHOOK_DEBUG ts=2026-05-17 23:09:12 stage=signature status=400 signatureHeaderPresent=true rawBodyLength=5851 error=STRIPE_SIGNATURE_TIMESTAMP_OUTSIDE_TOLERANCE message=Stripe signature timestamp is outside tolerance.
STRIPE_WEBHOOK_DEBUG stage=signature-timestamp stripeTimestamp=1779073751 serverEpochNow=1779073752 deltaSeconds=3598 toleranceSeconds=300 serverNowUtc=2026-05-18T03:09:12 serverNowLocal=2026-05-17T23:09:12 signatureHeaderPresent=true rawBodyLength=3956
STRIPE_WEBHOOK_DEBUG ts=2026-05-17 23:09:12 stage=signature status=400 signatureHeaderPresent=true rawBodyLength=3956 error=STRIPE_SIGNATURE_TIMESTAMP_OUTSIDE_TOLERANCE message=Stripe signature timestamp is outside tolerance.
STRIPE_WEBHOOK_DEBUG stage=signature-timestamp stripeTimestamp=1779073752 serverEpochNow=1779073752 deltaSeconds=3599 toleranceSeconds=300 serverNowUtc=2026-05-18T03:09:12 serverNowLocal=2026-05-17T23:09:12 signatureHeaderPresent=true rawBodyLength=5941
STRIPE_WEBHOOK_DEBUG ts=2026-05-17 23:09:12 stage=signature status=400 signatureHeaderPresent=true rawBodyLength=5941 error=STRIPE_SIGNATURE_TIMESTAMP_OUTSIDE_TOLERANCE message=Stripe signature timestamp is outside tolerance.
STRIPE_WEBHOOK_DEBUG stage=signature-timestamp stripeTimestamp=1779074061 serverEpochNow=1779074061 deltaSeconds=3599 toleranceSeconds=300 serverNowUtc=2026-05-18T03:14:21 serverNowLocal=2026-05-17T23:14:21 signatureHeaderPresent=true rawBodyLength=5851
STRIPE_WEBHOOK_DEBUG ts=2026-05-17 23:14:21 stage=signature status=400 signatureHeaderPresent=true rawBodyLength=5851 error=STRIPE_SIGNATURE_TIMESTAMP_OUTSIDE_TOLERANCE message=Stripe signature timestamp is outside tolerance.
STRIPE_WEBHOOK_DEBUG stage=signature-timestamp stripeTimestamp=1779074061 serverEpochNow=1779074061 deltaSeconds=3599 toleranceSeconds=300 serverNowUtc=2026-05-18T03:14:21 serverNowLocal=2026-05-17T23:14:21 signatureHeaderPresent=true rawBodyLength=3956
STRIPE_WEBHOOK_DEBUG ts=2026-05-17 23:14:21 stage=signature status=400 signatureHeaderPresent=true rawBodyLength=3956 error=STRIPE_SIGNATURE_TIMESTAMP_OUTSIDE_TOLERANCE message=Stripe signature timestamp is outside tolerance.
STRIPE_WEBHOOK_DEBUG stage=signature-timestamp stripeTimestamp=1779074061 serverEpochNow=1779074062 deltaSeconds=3598 toleranceSeconds=300 serverNowUtc=2026-05-18T03:14:22 serverNowLocal=2026-05-17T23:14:22 signatureHeaderPresent=true rawBodyLength=5941
STRIPE_WEBHOOK_DEBUG ts=2026-05-17 23:14:22 stage=signature status=400 signatureHeaderPresent=true rawBodyLength=5941 error=STRIPE_SIGNATURE_TIMESTAMP_OUTSIDE_TOLERANCE message=Stripe signature timestamp is outside tolerance.
STRIPE_WEBHOOK_DEBUG stage=signature-timestamp stripeTimestamp=1779074311 serverEpochNow=1779074311 deltaSeconds=3599 toleranceSeconds=300 serverNowUtc=2026-05-18T03:18:31 serverNowLocal=2026-05-17T23:18:31 signatureHeaderPresent=true rawBodyLength=5859
STRIPE_WEBHOOK_DEBUG ts=2026-05-17 23:18:31 stage=signature status=400 signatureHeaderPresent=true rawBodyLength=5859 error=STRIPE_SIGNATURE_TIMESTAMP_OUTSIDE_TOLERANCE message=Stripe signature timestamp is outside tolerance.
STRIPE_WEBHOOK_DEBUG stage=signature-timestamp stripeTimestamp=1779074312 serverEpochNow=1779074312 deltaSeconds=3599 toleranceSeconds=300 serverNowUtc=2026-05-18T03:18:32 serverNowLocal=2026-05-17T23:18:32 signatureHeaderPresent=true rawBodyLength=5884
STRIPE_WEBHOOK_DEBUG ts=2026-05-17 23:18:32 stage=signature status=400 signatureHeaderPresent=true rawBodyLength=5884 error=STRIPE_SIGNATURE_TIMESTAMP_OUTSIDE_TOLERANCE message=Stripe signature timestamp is outside tolerance.
STRIPE_WEBHOOK_DEBUG stage=signature-timestamp stripeTimestamp=1779074312 serverEpochNow=1779074312 deltaSeconds=3599 toleranceSeconds=300 serverNowUtc=2026-05-18T03:18:32 serverNowLocal=2026-05-17T23:18:32 signatureHeaderPresent=true rawBodyLength=4051
STRIPE_WEBHOOK_DEBUG ts=2026-05-17 23:18:32 stage=signature status=400 signatureHeaderPresent=true rawBodyLength=4051 error=STRIPE_SIGNATURE_TIMESTAMP_OUTSIDE_TOLERANCE message=Stripe signature timestamp is outside tolerance.
STRIPE_WEBHOOK_DEBUG stage=signature-timestamp stripeTimestamp=1779074319 serverEpochNow=1779074320 deltaSeconds=3598 toleranceSeconds=300 serverNowUtc=2026-05-18T03:18:40 serverNowLocal=2026-05-17T23:18:40 signatureHeaderPresent=true rawBodyLength=3957
STRIPE_WEBHOOK_DEBUG ts=2026-05-17 23:18:40 stage=signature status=400 signatureHeaderPresent=true rawBodyLength=3957 error=STRIPE_SIGNATURE_TIMESTAMP_OUTSIDE_TOLERANCE message=Stripe signature timestamp is outside tolerance.
STRIPE_WEBHOOK_DEBUG ts=2026-05-17 23:19:19 stage=signature status=400 signatureHeaderPresent=false rawBodyLength=0 error=STRIPE_SIGNATURE_MISSING message=Stripe-Signature header is required.
STRIPE_WEBHOOK_DEBUG stage=signature-timestamp stripeTimestamp=1779074361 serverEpochNow=1779074361 deltaSeconds=3599 toleranceSeconds=300 serverNowUtc=2026-05-18T03:19:21 serverNowLocal=2026-05-17T23:19:21 signatureHeaderPresent=true rawBodyLength=5941
STRIPE_WEBHOOK_DEBUG ts=2026-05-17 23:19:21 stage=signature status=400 signatureHeaderPresent=true rawBodyLength=5941 error=STRIPE_SIGNATURE_TIMESTAMP_OUTSIDE_TOLERANCE message=Stripe signature timestamp is outside tolerance.
STRIPE_WEBHOOK_DEBUG stage=signature-timestamp stripeTimestamp=1779073773 serverEpochNow=1779074373 deltaSeconds=2999 toleranceSeconds=300 serverNowUtc=2026-05-18T03:19:33 serverNowLocal=2026-05-17T23:19:33 signatureHeaderPresent=true rawBodyLength=65
STRIPE_WEBHOOK_DEBUG ts=2026-05-17 23:19:33 stage=signature status=400 signatureHeaderPresent=true rawBodyLength=65 error=STRIPE_SIGNATURE_TIMESTAMP_OUTSIDE_TOLERANCE message=Stripe signature timestamp is outside tolerance.
STRIPE_WEBHOOK_DEBUG stage=signature-timestamp stripeTimestamp=1779074383 serverEpochNow=1779074464 deltaSeconds=3518 toleranceSeconds=300 serverNowUtc=2026-05-18T03:21:04 serverNowLocal=2026-05-17T23:21:04 signatureHeaderPresent=true rawBodyLength=5852
STRIPE_WEBHOOK_DEBUG ts=2026-05-17 23:21:04 stage=signature status=400 signatureHeaderPresent=true rawBodyLength=5852 error=STRIPE_SIGNATURE_TIMESTAMP_OUTSIDE_TOLERANCE message=Stripe signature timestamp is outside tolerance.
STRIPE_WEBHOOK_DEBUG stage=signature-timestamp stripeTimestamp=1779074490 serverEpochNow=1779074491 deltaSeconds=3598 toleranceSeconds=300 serverNowUtc=2026-05-18T03:21:31 serverNowLocal=2026-05-17T23:21:31 signatureHeaderPresent=true rawBodyLength=5850
STRIPE_WEBHOOK_DEBUG ts=2026-05-17 23:21:31 stage=signature status=400 signatureHeaderPresent=true rawBodyLength=5850 error=STRIPE_SIGNATURE_TIMESTAMP_OUTSIDE_TOLERANCE message=Stripe signature timestamp is outside tolerance.
STRIPE_WEBHOOK_DEBUG stage=signature-timestamp stripeTimestamp=1779074490 serverEpochNow=1779074491 deltaSeconds=3598 toleranceSeconds=300 serverNowUtc=2026-05-18T03:21:31 serverNowLocal=2026-05-17T23:21:31 signatureHeaderPresent=true rawBodyLength=3923
STRIPE_WEBHOOK_DEBUG ts=2026-05-17 23:21:31 stage=signature status=400 signatureHeaderPresent=true rawBodyLength=3923 error=STRIPE_SIGNATURE_TIMESTAMP_OUTSIDE_TOLERANCE message=Stripe signature timestamp is outside tolerance.
STRIPE_WEBHOOK_DEBUG stage=signature-timestamp stripeTimestamp=1779074491 serverEpochNow=1779074491 deltaSeconds=3599 toleranceSeconds=300 serverNowUtc=2026-05-18T03:21:31 serverNowLocal=2026-05-17T23:21:31 signatureHeaderPresent=true rawBodyLength=5941
STRIPE_WEBHOOK_DEBUG ts=2026-05-17 23:21:31 stage=signature status=400 signatureHeaderPresent=true rawBodyLength=5941 error=STRIPE_SIGNATURE_TIMESTAMP_OUTSIDE_TOLERANCE message=Stripe signature timestamp is outside tolerance.
STRIPE_WEBHOOK_DEBUG stage=signature-timestamp stripeTimestamp=1779074700 serverEpochNow=1779074701 deltaSeconds=3598 toleranceSeconds=300 serverNowUtc=2026-05-18T03:25:01 serverNowLocal=2026-05-17T23:25:01 signatureHeaderPresent=true rawBodyLength=5850
STRIPE_WEBHOOK_DEBUG ts=2026-05-17 23:25:01 stage=signature status=400 signatureHeaderPresent=true rawBodyLength=5850 error=STRIPE_SIGNATURE_TIMESTAMP_OUTSIDE_TOLERANCE message=Stripe signature timestamp is outside tolerance.
STRIPE_WEBHOOK_DEBUG stage=signature-timestamp stripeTimestamp=1779074701 serverEpochNow=1779074701 deltaSeconds=3599 toleranceSeconds=300 serverNowUtc=2026-05-18T03:25:01 serverNowLocal=2026-05-17T23:25:01 signatureHeaderPresent=true rawBodyLength=3955
STRIPE_WEBHOOK_DEBUG ts=2026-05-17 23:25:01 stage=signature status=400 signatureHeaderPresent=true rawBodyLength=3955 error=STRIPE_SIGNATURE_TIMESTAMP_OUTSIDE_TOLERANCE message=Stripe signature timestamp is outside tolerance.
STRIPE_WEBHOOK_DEBUG stage=signature-timestamp stripeTimestamp=1779074701 serverEpochNow=1779074701 deltaSeconds=3599 toleranceSeconds=300 serverNowUtc=2026-05-18T03:25:01 serverNowLocal=2026-05-17T23:25:01 signatureHeaderPresent=true rawBodyLength=5941
STRIPE_WEBHOOK_DEBUG ts=2026-05-17 23:25:01 stage=signature status=400 signatureHeaderPresent=true rawBodyLength=5941 error=STRIPE_SIGNATURE_TIMESTAMP_OUTSIDE_TOLERANCE message=Stripe signature timestamp is outside tolerance.
STRIPE_WEBHOOK_DEBUG ts=2026-05-24 14:30:38 stage=signature status=400 signatureHeaderPresent=true rawBodyLength=5931 error=STRIPE_WEBHOOK_SECRET_MISSING message=Stripe webhook secret is not configured.
STRIPE_WEBHOOK_DEBUG ts=2026-05-24 14:30:39 stage=signature status=400 signatureHeaderPresent=true rawBodyLength=5931 error=STRIPE_WEBHOOK_SECRET_MISSING message=Stripe webhook secret is not configured.
STRIPE_WEBHOOK_DEBUG ts=2026-05-24 14:30:40 stage=signature status=400 signatureHeaderPresent=true rawBodyLength=5931 error=STRIPE_WEBHOOK_SECRET_MISSING message=Stripe webhook secret is not configured.
STRIPE_WEBHOOK_DEBUG ts=2026-05-24 14:30:41 stage=signature status=400 signatureHeaderPresent=true rawBodyLength=5956 error=STRIPE_WEBHOOK_SECRET_MISSING message=Stripe webhook secret is not configured.
STRIPE_WEBHOOK_DEBUG ts=2026-05-24 14:30:42 stage=signature status=400 signatureHeaderPresent=true rawBodyLength=5932 error=STRIPE_WEBHOOK_SECRET_MISSING message=Stripe webhook secret is not configured.
STRIPE_WEBHOOK_DEBUG ts=2026-05-24 14:30:43 stage=signature status=400 signatureHeaderPresent=true rawBodyLength=5931 error=STRIPE_WEBHOOK_SECRET_MISSING message=Stripe webhook secret is not configured.
STRIPE_WEBHOOK_DEBUG ts=2026-05-24 14:30:52 stage=signature status=400 signatureHeaderPresent=true rawBodyLength=5931 error=STRIPE_WEBHOOK_SECRET_MISSING message=Stripe webhook secret is not configured.
STRIPE_WEBHOOK_DEBUG ts=2026-05-24 15:29:31 stage=signature status=400 signatureHeaderPresent=true rawBodyLength=5931 error=STRIPE_WEBHOOK_SECRET_MISSING message=Stripe webhook secret is not configured.
STRIPE_WEBHOOK_DEBUG ts=2026-05-24 15:29:54 stage=signature status=400 signatureHeaderPresent=true rawBodyLength=5931 error=STRIPE_WEBHOOK_SECRET_MISSING message=Stripe webhook secret is not configured.
STRIPE_WEBHOOK_DEBUG ts=2026-05-24 15:30:23 stage=signature status=400 signatureHeaderPresent=true rawBodyLength=5931 error=STRIPE_WEBHOOK_SECRET_MISSING message=Stripe webhook secret is not configured.
STRIPE_WEBHOOK_DEBUG ts=2026-05-24 15:31:10 stage=signature status=400 signatureHeaderPresent=true rawBodyLength=5931 error=STRIPE_WEBHOOK_SECRET_MISSING message=Stripe webhook secret is not configured.
STRIPE_WEBHOOK_DEBUG ts=2026-05-24 15:31:13 stage=signature status=400 signatureHeaderPresent=true rawBodyLength=5932 error=STRIPE_WEBHOOK_SECRET_MISSING message=Stripe webhook secret is not configured.
STRIPE_WEBHOOK_DEBUG ts=2026-05-24 15:31:15 stage=signature status=400 signatureHeaderPresent=true rawBodyLength=5956 error=STRIPE_WEBHOOK_SECRET_MISSING message=Stripe webhook secret is not configured.
STRIPE_WEBHOOK_DEBUG ts=2026-05-26 15:55:12 stage=signature status=400 signatureHeaderPresent=true rawBodyLength=5956 error=STRIPE_SIGNATURE_INVALID message=Stripe signature is invalid.
STRIPE_WEBHOOK_DEBUG ts=2026-05-26 15:55:27 stage=signature status=400 signatureHeaderPresent=true rawBodyLength=5956 error=STRIPE_SIGNATURE_INVALID message=Stripe signature is invalid.
STRIPE_WEBHOOK_DEBUG ts=2026-05-29 08:40:39 stage=signature status=400 signatureHeaderPresent=true rawBodyLength=3913 error=STRIPE_SIGNATURE_INVALID message=Stripe signature is invalid.
STRIPE_WEBHOOK_DEBUG ts=2026-05-29 08:40:39 stage=signature status=400 signatureHeaderPresent=true rawBodyLength=5865 error=STRIPE_SIGNATURE_INVALID message=Stripe signature is invalid.
STRIPE_WEBHOOK_DEBUG ts=2026-05-29 08:40:39 stage=signature status=400 signatureHeaderPresent=true rawBodyLength=5967 error=STRIPE_SIGNATURE_INVALID message=Stripe signature is invalid.
STRIPE_WEBHOOK_DEBUG ts=2026-05-29 08:40:54 stage=signature status=400 signatureHeaderPresent=true rawBodyLength=5967 error=STRIPE_SIGNATURE_INVALID message=Stripe signature is invalid.
STRIPE_WEBHOOK_DEBUG ts=2026-05-29 08:40:56 stage=signature status=400 signatureHeaderPresent=true rawBodyLength=5865 error=STRIPE_SIGNATURE_INVALID message=Stripe signature is invalid.
STRIPE_WEBHOOK_DEBUG ts=2026-05-29 08:40:56 stage=signature status=400 signatureHeaderPresent=true rawBodyLength=3913 error=STRIPE_SIGNATURE_INVALID message=Stripe signature is invalid.
STRIPE_WEBHOOK_DEBUG ts=2026-05-29 11:53:13 stage=signature status=400 signatureHeaderPresent=true rawBodyLength=5972 error=STRIPE_SIGNATURE_INVALID message=Stripe signature is invalid.
STRIPE_WEBHOOK_DEBUG ts=2026-05-29 11:53:29 stage=signature status=400 signatureHeaderPresent=true rawBodyLength=5972 error=STRIPE_SIGNATURE_INVALID message=Stripe signature is invalid.
STRIPE_WEBHOOK_DEBUG ts=2026-05-29 12:05:34 stage=signature status=400 signatureHeaderPresent=true rawBodyLength=3911 error=STRIPE_SIGNATURE_INVALID message=Stripe signature is invalid.
STRIPE_WEBHOOK_DEBUG ts=2026-05-29 12:05:34 stage=signature status=400 signatureHeaderPresent=true rawBodyLength=5933 error=STRIPE_SIGNATURE_INVALID message=Stripe signature is invalid.
STRIPE_WEBHOOK_DEBUG ts=2026-05-29 12:05:35 stage=signature status=400 signatureHeaderPresent=true rawBodyLength=5838 error=STRIPE_SIGNATURE_INVALID message=Stripe signature is invalid.
STRIPE_WEBHOOK_DEBUG ts=2026-05-29 12:22:56 stage=signature status=400 signatureHeaderPresent=true rawBodyLength=3908 error=STRIPE_SIGNATURE_INVALID message=Stripe signature is invalid.
STRIPE_WEBHOOK_DEBUG ts=2026-05-29 12:22:56 stage=signature status=400 signatureHeaderPresent=true rawBodyLength=5933 error=STRIPE_SIGNATURE_INVALID message=Stripe signature is invalid.
STRIPE_WEBHOOK_DEBUG ts=2026-05-29 12:22:57 stage=signature status=400 signatureHeaderPresent=true rawBodyLength=5835 error=STRIPE_SIGNATURE_INVALID message=Stripe signature is invalid.
STRIPE_WEBHOOK_DEBUG ts=2026-05-29 12:53:25 stage=signature status=400 signatureHeaderPresent=true rawBodyLength=5972 error=STRIPE_SIGNATURE_INVALID message=Stripe signature is invalid.
STRIPE_WEBHOOK_DEBUG ts=2026-05-29 13:04:40 stage=signature status=400 signatureHeaderPresent=true rawBodyLength=5933 error=STRIPE_SIGNATURE_INVALID message=Stripe signature is invalid.
STRIPE_WEBHOOK_DEBUG ts=2026-05-29 13:04:50 stage=signature status=400 signatureHeaderPresent=true rawBodyLength=3911 error=STRIPE_SIGNATURE_INVALID message=Stripe signature is invalid.
STRIPE_WEBHOOK_DEBUG ts=2026-05-29 13:06:32 stage=signature status=400 signatureHeaderPresent=true rawBodyLength=5838 error=STRIPE_SIGNATURE_INVALID message=Stripe signature is invalid.
STRIPE_WEBHOOK_DEBUG ts=2026-05-29 13:21:45 stage=signature status=400 signatureHeaderPresent=true rawBodyLength=5933 error=STRIPE_SIGNATURE_INVALID message=Stripe signature is invalid.
STRIPE_WEBHOOK_DEBUG ts=2026-05-29 13:22:01 stage=signature status=400 signatureHeaderPresent=true rawBodyLength=3908 error=STRIPE_SIGNATURE_INVALID message=Stripe signature is invalid.
STRIPE_WEBHOOK_DEBUG ts=2026-05-29 13:22:17 stage=signature status=400 signatureHeaderPresent=true rawBodyLength=5835 error=STRIPE_SIGNATURE_INVALID message=Stripe signature is invalid.
STRIPE_WEBHOOK_DEBUG ts=2026-05-29 14:01:34 stage=signature status=400 signatureHeaderPresent=true rawBodyLength=3914 error=STRIPE_SIGNATURE_INVALID message=Stripe signature is invalid.
STRIPE_WEBHOOK_DEBUG ts=2026-05-29 14:01:35 stage=signature status=400 signatureHeaderPresent=true rawBodyLength=5933 error=STRIPE_SIGNATURE_INVALID message=Stripe signature is invalid.
STRIPE_WEBHOOK_DEBUG ts=2026-05-29 14:01:35 stage=signature status=400 signatureHeaderPresent=true rawBodyLength=5847 error=STRIPE_SIGNATURE_INVALID message=Stripe signature is invalid.
STRIPE_WEBHOOK_DEBUG ts=2026-05-29 14:31:37 stage=signature status=400 signatureHeaderPresent=true rawBodyLength=3909 error=STRIPE_SIGNATURE_INVALID message=Stripe signature is invalid.
STRIPE_WEBHOOK_DEBUG ts=2026-05-29 14:31:37 stage=signature status=400 signatureHeaderPresent=true rawBodyLength=5933 error=STRIPE_SIGNATURE_INVALID message=Stripe signature is invalid.
STRIPE_WEBHOOK_DEBUG ts=2026-05-29 14:31:37 stage=signature status=400 signatureHeaderPresent=true rawBodyLength=5842 error=STRIPE_SIGNATURE_INVALID message=Stripe signature is invalid.
STRIPE_WEBHOOK_DEBUG ts=2026-05-29 14:35:49 stage=signature status=400 signatureHeaderPresent=true rawBodyLength=5947 error=STRIPE_SIGNATURE_INVALID message=Stripe signature is invalid.
STRIPE_WEBHOOK_DEBUG ts=2026-05-29 15:00:49 stage=signature status=400 signatureHeaderPresent=true rawBodyLength=3914 error=STRIPE_SIGNATURE_INVALID message=Stripe signature is invalid.
STRIPE_WEBHOOK_DEBUG ts=2026-05-29 15:01:01 stage=signature status=400 signatureHeaderPresent=true rawBodyLength=5847 error=STRIPE_SIGNATURE_INVALID message=Stripe signature is invalid.
STRIPE_WEBHOOK_DEBUG ts=2026-05-29 15:01:30 stage=signature status=400 signatureHeaderPresent=true rawBodyLength=5933 error=STRIPE_SIGNATURE_INVALID message=Stripe signature is invalid.
STRIPE_WEBHOOK_DEBUG ts=2026-05-29 15:03:33 stage=signature status=400 signatureHeaderPresent=true rawBodyLength=3911 error=STRIPE_SIGNATURE_INVALID message=Stripe signature is invalid.
STRIPE_WEBHOOK_DEBUG ts=2026-05-29 15:05:30 stage=signature status=400 signatureHeaderPresent=true rawBodyLength=5933 error=STRIPE_SIGNATURE_INVALID message=Stripe signature is invalid.
STRIPE_WEBHOOK_DEBUG ts=2026-05-29 15:08:33 stage=signature status=400 signatureHeaderPresent=true rawBodyLength=5838 error=STRIPE_SIGNATURE_INVALID message=Stripe signature is invalid.
STRIPE_WEBHOOK_DEBUG ts=2026-05-29 15:20:24 stage=signature status=400 signatureHeaderPresent=true rawBodyLength=5835 error=STRIPE_SIGNATURE_INVALID message=Stripe signature is invalid.
STRIPE_WEBHOOK_DEBUG ts=2026-05-29 15:20:29 stage=signature status=400 signatureHeaderPresent=true rawBodyLength=3908 error=STRIPE_SIGNATURE_INVALID message=Stripe signature is invalid.
STRIPE_WEBHOOK_DEBUG ts=2026-05-29 15:22:57 stage=signature status=400 signatureHeaderPresent=true rawBodyLength=5933 error=STRIPE_SIGNATURE_INVALID message=Stripe signature is invalid.
STRIPE_WEBHOOK_DEBUG ts=2026-05-29 15:30:55 stage=signature status=400 signatureHeaderPresent=true rawBodyLength=5842 error=STRIPE_SIGNATURE_INVALID message=Stripe signature is invalid.
STRIPE_WEBHOOK_DEBUG ts=2026-05-29 15:31:53 stage=signature status=400 signatureHeaderPresent=true rawBodyLength=5933 error=STRIPE_SIGNATURE_INVALID message=Stripe signature is invalid.
STRIPE_WEBHOOK_DEBUG ts=2026-05-29 15:32:00 stage=signature status=400 signatureHeaderPresent=true rawBodyLength=3909 error=STRIPE_SIGNATURE_INVALID message=Stripe signature is invalid.
STRIPE_WEBHOOK_DEBUG ts=2026-05-29 15:34:45 stage=signature status=400 signatureHeaderPresent=true rawBodyLength=5947 error=STRIPE_SIGNATURE_INVALID message=Stripe signature is invalid.
STRIPE_WEBHOOK_DEBUG ts=2026-05-29 15:55:54 stage=signature status=400 signatureHeaderPresent=true rawBodyLength=5947 error=STRIPE_SIGNATURE_INVALID message=Stripe signature is invalid.
STRIPE_WEBHOOK_DEBUG ts=2026-05-29 16:04:38 stage=signature status=400 signatureHeaderPresent=true rawBodyLength=5934 error=STRIPE_SIGNATURE_INVALID message=Stripe signature is invalid.
STRIPE_WEBHOOK_DEBUG ts=2026-05-29 16:04:38 stage=signature status=400 signatureHeaderPresent=true rawBodyLength=3917 error=STRIPE_SIGNATURE_INVALID message=Stripe signature is invalid.
STRIPE_WEBHOOK_DEBUG ts=2026-05-29 16:04:38 stage=signature status=400 signatureHeaderPresent=true rawBodyLength=5850 error=STRIPE_SIGNATURE_INVALID message=Stripe signature is invalid.
STRIPE_WEBHOOK_DEBUG ts=2026-05-29 16:56:33 stage=signature status=400 signatureHeaderPresent=true rawBodyLength=5947 error=STRIPE_SIGNATURE_INVALID message=Stripe signature is invalid.
STRIPE_WEBHOOK_DEBUG ts=2026-05-29 16:59:51 stage=signature status=400 signatureHeaderPresent=true rawBodyLength=5847 error=STRIPE_SIGNATURE_INVALID message=Stripe signature is invalid.
STRIPE_WEBHOOK_DEBUG ts=2026-05-29 17:00:36 stage=signature status=400 signatureHeaderPresent=true rawBodyLength=3914 error=STRIPE_SIGNATURE_INVALID message=Stripe signature is invalid.
STRIPE_WEBHOOK_DEBUG ts=2026-05-29 17:03:15 stage=signature status=400 signatureHeaderPresent=true rawBodyLength=5933 error=STRIPE_SIGNATURE_INVALID message=Stripe signature is invalid.
STRIPE_WEBHOOK_DEBUG ts=2026-05-29 17:04:06 stage=signature status=400 signatureHeaderPresent=true rawBodyLength=5934 error=STRIPE_SIGNATURE_INVALID message=Stripe signature is invalid.
STRIPE_WEBHOOK_DEBUG ts=2026-05-29 17:04:54 stage=signature status=400 signatureHeaderPresent=true rawBodyLength=5850 error=STRIPE_SIGNATURE_INVALID message=Stripe signature is invalid.
STRIPE_WEBHOOK_DEBUG ts=2026-05-29 17:05:26 stage=signature status=400 signatureHeaderPresent=true rawBodyLength=3917 error=STRIPE_SIGNATURE_INVALID message=Stripe signature is invalid.
STRIPE_WEBHOOK_DEBUG ts=2026-05-29 17:30:50 stage=signature status=400 signatureHeaderPresent=true rawBodyLength=5933 error=STRIPE_SIGNATURE_INVALID message=Stripe signature is invalid.
STRIPE_WEBHOOK_DEBUG ts=2026-05-29 17:31:56 stage=signature status=400 signatureHeaderPresent=true rawBodyLength=3909 error=STRIPE_SIGNATURE_INVALID message=Stripe signature is invalid.
STRIPE_WEBHOOK_DEBUG ts=2026-05-29 17:32:53 stage=signature status=400 signatureHeaderPresent=true rawBodyLength=5842 error=STRIPE_SIGNATURE_INVALID message=Stripe signature is invalid.
STRIPE_WEBHOOK_DEBUG ts=2026-05-29 17:33:13 stage=signature status=400 signatureHeaderPresent=true rawBodyLength=5947 error=STRIPE_SIGNATURE_INVALID message=Stripe signature is invalid.
STRIPE_WEBHOOK_DEBUG ts=2026-05-29 18:57:27 stage=signature status=400 signatureHeaderPresent=true rawBodyLength=5947 error=STRIPE_SIGNATURE_INVALID message=Stripe signature is invalid.
STRIPE_WEBHOOK_DEBUG ts=2026-05-29 19:03:02 stage=signature status=400 signatureHeaderPresent=true rawBodyLength=5934 error=STRIPE_SIGNATURE_INVALID message=Stripe signature is invalid.
STRIPE_WEBHOOK_DEBUG ts=2026-05-29 19:06:02 stage=signature status=400 signatureHeaderPresent=true rawBodyLength=5850 error=STRIPE_SIGNATURE_INVALID message=Stripe signature is invalid.
STRIPE_WEBHOOK_DEBUG ts=2026-05-29 19:07:22 stage=signature status=400 signatureHeaderPresent=true rawBodyLength=3917 error=STRIPE_SIGNATURE_INVALID message=Stripe signature is invalid.
STRIPE_WEBHOOK_DEBUG ts=2026-06-08 17:29:03 stage=signature status=400 signatureHeaderPresent=true rawBodyLength=6025 error=STRIPE_SIGNATURE_INVALID message=Stripe signature is invalid.
STRIPE_WEBHOOK_DEBUG ts=2026-06-08 17:29:03 stage=signature status=400 signatureHeaderPresent=true rawBodyLength=3932 error=STRIPE_SIGNATURE_INVALID message=Stripe signature is invalid.
STRIPE_WEBHOOK_DEBUG ts=2026-06-08 17:29:03 stage=signature status=400 signatureHeaderPresent=true rawBodyLength=5865 error=STRIPE_SIGNATURE_INVALID message=Stripe signature is invalid.
STRIPE_WEBHOOK_DEBUG ts=2026-06-08 17:29:34 stage=signature status=400 signatureHeaderPresent=true rawBodyLength=6025 error=STRIPE_SIGNATURE_INVALID message=Stripe signature is invalid.
STRIPE_WEBHOOK_DEBUG ts=2026-06-08 17:29:35 stage=signature status=400 signatureHeaderPresent=true rawBodyLength=3932 error=STRIPE_SIGNATURE_INVALID message=Stripe signature is invalid.
STRIPE_WEBHOOK_DEBUG ts=2026-06-08 17:29:50 stage=signature status=400 signatureHeaderPresent=true rawBodyLength=5865 error=STRIPE_SIGNATURE_INVALID message=Stripe signature is invalid.
STRIPE_WEBHOOK_DEBUG ts=2026-06-08 18:29:36 stage=signature status=400 signatureHeaderPresent=true rawBodyLength=5865 error=STRIPE_SIGNATURE_INVALID message=Stripe signature is invalid.
STRIPE_WEBHOOK_DEBUG ts=2026-06-08 18:30:29 stage=signature status=400 signatureHeaderPresent=true rawBodyLength=3932 error=STRIPE_SIGNATURE_INVALID message=Stripe signature is invalid.
STRIPE_WEBHOOK_DEBUG ts=2026-06-08 18:30:41 stage=signature status=400 signatureHeaderPresent=true rawBodyLength=6025 error=STRIPE_SIGNATURE_INVALID message=Stripe signature is invalid.
STRIPE_WEBHOOK_DEBUG ts=2026-06-08 19:00:11 stage=signature status=400 signatureHeaderPresent=true rawBodyLength=3937 error=STRIPE_SIGNATURE_INVALID message=Stripe signature is invalid.
STRIPE_WEBHOOK_DEBUG ts=2026-06-08 19:00:11 stage=signature status=400 signatureHeaderPresent=true rawBodyLength=6025 error=STRIPE_SIGNATURE_INVALID message=Stripe signature is invalid.
STRIPE_WEBHOOK_DEBUG ts=2026-06-08 19:00:11 stage=signature status=400 signatureHeaderPresent=true rawBodyLength=5870 error=STRIPE_SIGNATURE_INVALID message=Stripe signature is invalid.
STRIPE_WEBHOOK_DEBUG ts=2026-06-08 19:59:25 stage=signature status=400 signatureHeaderPresent=true rawBodyLength=5870 error=STRIPE_SIGNATURE_INVALID message=Stripe signature is invalid.
STRIPE_WEBHOOK_DEBUG ts=2026-06-08 19:59:38 stage=signature status=400 signatureHeaderPresent=true rawBodyLength=6025 error=STRIPE_SIGNATURE_INVALID message=Stripe signature is invalid.
STRIPE_WEBHOOK_DEBUG ts=2026-06-08 20:01:15 stage=signature status=400 signatureHeaderPresent=true rawBodyLength=3937 error=STRIPE_SIGNATURE_INVALID message=Stripe signature is invalid.
STRIPE_WEBHOOK_DEBUG ts=2026-06-08 22:00:22 stage=signature status=400 signatureHeaderPresent=true rawBodyLength=3937 error=STRIPE_SIGNATURE_INVALID message=Stripe signature is invalid.
STRIPE_WEBHOOK_DEBUG ts=2026-06-08 22:00:41 stage=signature status=400 signatureHeaderPresent=true rawBodyLength=6025 error=STRIPE_SIGNATURE_INVALID message=Stripe signature is invalid.
STRIPE_WEBHOOK_DEBUG ts=2026-06-08 22:01:14 stage=signature status=400 signatureHeaderPresent=true rawBodyLength=5870 error=STRIPE_SIGNATURE_INVALID message=Stripe signature is invalid.
STRIPE_WEBHOOK_DEBUG ts=2026-06-08 23:28:20 stage=signature status=400 signatureHeaderPresent=true rawBodyLength=4063 error=STRIPE_SIGNATURE_INVALID message=Stripe signature is invalid.
STRIPE_WEBHOOK_DEBUG ts=2026-06-08 23:28:20 stage=signature status=400 signatureHeaderPresent=true rawBodyLength=6098 error=STRIPE_SIGNATURE_INVALID message=Stripe signature is invalid.
STRIPE_WEBHOOK_DEBUG ts=2026-06-08 23:28:21 stage=signature status=400 signatureHeaderPresent=true rawBodyLength=6039 error=STRIPE_SIGNATURE_INVALID message=Stripe signature is invalid.
STRIPE_WEBHOOK_DEBUG ts=2026-06-08 23:28:37 stage=signature status=400 signatureHeaderPresent=true rawBodyLength=4063 error=STRIPE_SIGNATURE_INVALID message=Stripe signature is invalid.
STRIPE_WEBHOOK_DEBUG ts=2026-06-09 00:27:35 stage=signature status=400 signatureHeaderPresent=true rawBodyLength=6039 error=STRIPE_SIGNATURE_INVALID message=Stripe signature is invalid.
STRIPE_WEBHOOK_DEBUG ts=2026-06-09 00:28:09 stage=signature status=400 signatureHeaderPresent=true rawBodyLength=6098 error=STRIPE_SIGNATURE_INVALID message=Stripe signature is invalid.
STRIPE_WEBHOOK_DEBUG ts=2026-06-09 00:28:50 stage=signature status=400 signatureHeaderPresent=true rawBodyLength=4063 error=STRIPE_SIGNATURE_INVALID message=Stripe signature is invalid.
STRIPE_WEBHOOK_DEBUG ts=2026-06-09 02:27:53 stage=signature status=400 signatureHeaderPresent=true rawBodyLength=6039 error=STRIPE_SIGNATURE_INVALID message=Stripe signature is invalid.
STRIPE_WEBHOOK_DEBUG ts=2026-06-09 02:30:14 stage=signature status=400 signatureHeaderPresent=true rawBodyLength=6098 error=STRIPE_SIGNATURE_INVALID message=Stripe signature is invalid.
STRIPE_WEBHOOK_DEBUG ts=2026-06-09 11:48:31 stage=signature status=400 signatureHeaderPresent=true rawBodyLength=6098 error=STRIPE_SIGNATURE_INVALID message=Stripe signature is invalid.
STRIPE_WEBHOOK_DEBUG ts=2026-06-09 11:48:31 stage=signature status=400 signatureHeaderPresent=true rawBodyLength=4062 error=STRIPE_SIGNATURE_INVALID message=Stripe signature is invalid.
STRIPE_WEBHOOK_DEBUG ts=2026-06-09 11:48:31 stage=signature status=400 signatureHeaderPresent=true rawBodyLength=6032 error=STRIPE_SIGNATURE_INVALID message=Stripe signature is invalid.
STRIPE_WEBHOOK_DEBUG ts=2026-06-09 11:48:48 stage=signature status=400 signatureHeaderPresent=true rawBodyLength=6098 error=STRIPE_SIGNATURE_INVALID message=Stripe signature is invalid.
STRIPE_WEBHOOK_DEBUG ts=2026-06-09 11:48:48 stage=signature status=400 signatureHeaderPresent=true rawBodyLength=6032 error=STRIPE_SIGNATURE_INVALID message=Stripe signature is invalid.
STRIPE_WEBHOOK_DEBUG ts=2026-06-09 11:48:48 stage=signature status=400 signatureHeaderPresent=true rawBodyLength=4062 error=STRIPE_SIGNATURE_INVALID message=Stripe signature is invalid.
STRIPE_WEBHOOK_DEBUG ts=2026-06-09 12:48:18 stage=signature status=400 signatureHeaderPresent=true rawBodyLength=4062 error=STRIPE_SIGNATURE_INVALID message=Stripe signature is invalid.
STRIPE_WEBHOOK_DEBUG ts=2026-06-09 12:49:16 stage=signature status=400 signatureHeaderPresent=true rawBodyLength=6098 error=STRIPE_SIGNATURE_INVALID message=Stripe signature is invalid.
STRIPE_WEBHOOK_DEBUG ts=2026-06-09 12:49:57 stage=signature status=400 signatureHeaderPresent=true rawBodyLength=6032 error=STRIPE_SIGNATURE_INVALID message=Stripe signature is invalid.
STRIPE_WEBHOOK_DEBUG ts=2026-06-09 15:18:52 stage=signature status=400 signatureHeaderPresent=true rawBodyLength=5784 error=STRIPE_SIGNATURE_INVALID message=Stripe signature is invalid.
STRIPE_WEBHOOK_DEBUG ts=2026-06-09 15:18:52 stage=signature status=400 signatureHeaderPresent=true rawBodyLength=5763 error=STRIPE_SIGNATURE_INVALID message=Stripe signature is invalid.
STRIPE_WEBHOOK_DEBUG ts=2026-06-09 15:18:54 stage=signature status=400 signatureHeaderPresent=true rawBodyLength=5784 error=STRIPE_SIGNATURE_INVALID message=Stripe signature is invalid.
STRIPE_WEBHOOK_DEBUG ts=2026-06-09 15:18:54 stage=signature status=400 signatureHeaderPresent=true rawBodyLength=5763 error=STRIPE_SIGNATURE_INVALID message=Stripe signature is invalid.
STRIPE_WEBHOOK_DEBUG ts=2026-06-09 15:18:56 stage=signature status=400 signatureHeaderPresent=true rawBodyLength=5784 error=STRIPE_SIGNATURE_INVALID message=Stripe signature is invalid.
STRIPE_WEBHOOK_DEBUG ts=2026-06-09 15:18:56 stage=signature status=400 signatureHeaderPresent=true rawBodyLength=5763 error=STRIPE_SIGNATURE_INVALID message=Stripe signature is invalid.
STRIPE_WEBHOOK_DEBUG ts=2026-06-09 15:18:57 stage=signature status=400 signatureHeaderPresent=true rawBodyLength=5784 error=STRIPE_SIGNATURE_INVALID message=Stripe signature is invalid.
STRIPE_WEBHOOK_DEBUG ts=2026-06-09 15:18:58 stage=signature status=400 signatureHeaderPresent=true rawBodyLength=5763 error=STRIPE_SIGNATURE_INVALID message=Stripe signature is invalid.
STRIPE_WEBHOOK_DEBUG ts=2026-06-09 15:18:59 stage=signature status=400 signatureHeaderPresent=true rawBodyLength=5784 error=STRIPE_SIGNATURE_INVALID message=Stripe signature is invalid.
STRIPE_WEBHOOK_DEBUG ts=2026-06-09 15:19:00 stage=signature status=400 signatureHeaderPresent=true rawBodyLength=5763 error=STRIPE_SIGNATURE_INVALID message=Stripe signature is invalid.
STRIPE_WEBHOOK_DEBUG ts=2026-06-09 15:19:06 stage=signature status=400 signatureHeaderPresent=true rawBodyLength=5784 error=STRIPE_SIGNATURE_INVALID message=Stripe signature is invalid.
STRIPE_WEBHOOK_DEBUG ts=2026-06-09 15:19:06 stage=signature status=400 signatureHeaderPresent=true rawBodyLength=5763 error=STRIPE_SIGNATURE_INVALID message=Stripe signature is invalid.
STRIPE_WEBHOOK_DEBUG ts=2026-06-09 16:18:33 stage=signature status=400 signatureHeaderPresent=true rawBodyLength=5784 error=STRIPE_SIGNATURE_INVALID message=Stripe signature is invalid.
STRIPE_WEBHOOK_DEBUG ts=2026-06-09 16:18:46 stage=signature status=400 signatureHeaderPresent=true rawBodyLength=5763 error=STRIPE_SIGNATURE_INVALID message=Stripe signature is invalid.
STRIPE_WEBHOOK_DEBUG ts=2026-06-09 16:18:47 stage=signature status=400 signatureHeaderPresent=true rawBodyLength=5763 error=STRIPE_SIGNATURE_INVALID message=Stripe signature is invalid.
STRIPE_WEBHOOK_DEBUG ts=2026-06-09 16:19:02 stage=signature status=400 signatureHeaderPresent=true rawBodyLength=5784 error=STRIPE_SIGNATURE_INVALID message=Stripe signature is invalid.
STRIPE_WEBHOOK_DEBUG ts=2026-06-09 16:19:10 stage=signature status=400 signatureHeaderPresent=true rawBodyLength=5763 error=STRIPE_SIGNATURE_INVALID message=Stripe signature is invalid.
STRIPE_WEBHOOK_DEBUG ts=2026-06-09 16:19:14 stage=signature status=400 signatureHeaderPresent=true rawBodyLength=5763 error=STRIPE_SIGNATURE_INVALID message=Stripe signature is invalid.
STRIPE_WEBHOOK_DEBUG ts=2026-06-09 16:19:18 stage=signature status=400 signatureHeaderPresent=true rawBodyLength=5763 error=STRIPE_SIGNATURE_INVALID message=Stripe signature is invalid.
STRIPE_WEBHOOK_DEBUG ts=2026-06-09 16:19:26 stage=signature status=400 signatureHeaderPresent=true rawBodyLength=5784 error=STRIPE_SIGNATURE_INVALID message=Stripe signature is invalid.
STRIPE_WEBHOOK_DEBUG ts=2026-06-09 16:19:37 stage=signature status=400 signatureHeaderPresent=true rawBodyLength=5784 error=STRIPE_SIGNATURE_INVALID message=Stripe signature is invalid.
STRIPE_WEBHOOK_DEBUG ts=2026-06-09 16:19:47 stage=signature status=400 signatureHeaderPresent=true rawBodyLength=5784 error=STRIPE_SIGNATURE_INVALID message=Stripe signature is invalid.
STRIPE_WEBHOOK_DEBUG ts=2026-06-09 18:17:00 stage=signature status=400 signatureHeaderPresent=true rawBodyLength=5763 error=STRIPE_SIGNATURE_INVALID message=Stripe signature is invalid.
STRIPE_WEBHOOK_DEBUG ts=2026-06-09 18:17:14 stage=signature status=400 signatureHeaderPresent=true rawBodyLength=5784 error=STRIPE_SIGNATURE_INVALID message=Stripe signature is invalid.
STRIPE_WEBHOOK_DEBUG ts=2026-06-09 18:17:44 stage=signature status=400 signatureHeaderPresent=true rawBodyLength=5763 error=STRIPE_SIGNATURE_INVALID message=Stripe signature is invalid.
STRIPE_WEBHOOK_DEBUG ts=2026-06-09 18:17:57 stage=signature status=400 signatureHeaderPresent=true rawBodyLength=5784 error=STRIPE_SIGNATURE_INVALID message=Stripe signature is invalid.
STRIPE_WEBHOOK_DEBUG ts=2026-06-09 18:18:02 stage=signature status=400 signatureHeaderPresent=true rawBodyLength=5763 error=STRIPE_SIGNATURE_INVALID message=Stripe signature is invalid.
STRIPE_WEBHOOK_DEBUG ts=2026-06-09 18:18:12 stage=signature status=400 signatureHeaderPresent=true rawBodyLength=5763 error=STRIPE_SIGNATURE_INVALID message=Stripe signature is invalid.
STRIPE_WEBHOOK_DEBUG ts=2026-06-09 18:20:17 stage=signature status=400 signatureHeaderPresent=true rawBodyLength=5784 error=STRIPE_SIGNATURE_INVALID message=Stripe signature is invalid.
STRIPE_WEBHOOK_DEBUG ts=2026-06-09 18:20:18 stage=signature status=400 signatureHeaderPresent=true rawBodyLength=5784 error=STRIPE_SIGNATURE_INVALID message=Stripe signature is invalid.
STRIPE_WEBHOOK_DEBUG ts=2026-06-09 18:35:47 stage=signature status=400 signatureHeaderPresent=true rawBodyLength=5767 error=STRIPE_SIGNATURE_INVALID message=Stripe signature is invalid.
STRIPE_WEBHOOK_DEBUG ts=2026-06-09 18:35:47 stage=signature status=400 signatureHeaderPresent=true rawBodyLength=5705 error=STRIPE_SIGNATURE_INVALID message=Stripe signature is invalid.
STRIPE_WEBHOOK_DEBUG ts=2026-06-09 18:36:41 stage=signature status=400 signatureHeaderPresent=true rawBodyLength=5768 error=STRIPE_SIGNATURE_INVALID message=Stripe signature is invalid.
STRIPE_WEBHOOK_DEBUG ts=2026-06-09 18:36:41 stage=signature status=400 signatureHeaderPresent=true rawBodyLength=5705 error=STRIPE_SIGNATURE_INVALID message=Stripe signature is invalid.
STRIPE_WEBHOOK_DEBUG ts=2026-06-09 19:36:10 stage=signature status=400 signatureHeaderPresent=true rawBodyLength=5768 error=STRIPE_SIGNATURE_INVALID message=Stripe signature is invalid.
STRIPE_WEBHOOK_DEBUG ts=2026-06-09 19:36:23 stage=signature status=400 signatureHeaderPresent=true rawBodyLength=5767 error=STRIPE_SIGNATURE_INVALID message=Stripe signature is invalid.
STRIPE_WEBHOOK_DEBUG ts=2026-06-09 19:36:26 stage=signature status=400 signatureHeaderPresent=true rawBodyLength=5705 error=STRIPE_SIGNATURE_INVALID message=Stripe signature is invalid.
STRIPE_WEBHOOK_DEBUG ts=2026-06-09 19:36:56 stage=signature status=400 signatureHeaderPresent=true rawBodyLength=5705 error=STRIPE_SIGNATURE_INVALID message=Stripe signature is invalid.
STRIPE_WEBHOOK_DEBUG ts=2026-06-09 21:34:13 stage=signature status=400 signatureHeaderPresent=true rawBodyLength=5705 error=STRIPE_SIGNATURE_INVALID message=Stripe signature is invalid.
STRIPE_WEBHOOK_DEBUG ts=2026-06-09 21:34:21 stage=signature status=400 signatureHeaderPresent=true rawBodyLength=5768 error=STRIPE_SIGNATURE_INVALID message=Stripe signature is invalid.
STRIPE_WEBHOOK_DEBUG ts=2026-06-09 21:35:24 stage=signature status=400 signatureHeaderPresent=true rawBodyLength=5705 error=STRIPE_SIGNATURE_INVALID message=Stripe signature is invalid.
STRIPE_WEBHOOK_DEBUG ts=2026-06-09 21:35:25 stage=signature status=400 signatureHeaderPresent=true rawBodyLength=5767 error=STRIPE_SIGNATURE_INVALID message=Stripe signature is invalid.
STRIPE_WEBHOOK_DEBUG ts=2026-06-10 08:16:24 stage=signature status=400 signatureHeaderPresent=true rawBodyLength=5712 error=STRIPE_SIGNATURE_INVALID message=Stripe signature is invalid.
STRIPE_WEBHOOK_DEBUG ts=2026-06-10 08:16:24 stage=signature status=400 signatureHeaderPresent=true rawBodyLength=5769 error=STRIPE_SIGNATURE_INVALID message=Stripe signature is invalid.
STRIPE_WEBHOOK_DEBUG ts=2026-06-10 08:16:41 stage=signature status=400 signatureHeaderPresent=true rawBodyLength=5769 error=STRIPE_SIGNATURE_INVALID message=Stripe signature is invalid.
STRIPE_WEBHOOK_DEBUG ts=2026-06-10 08:16:41 stage=signature status=400 signatureHeaderPresent=true rawBodyLength=5712 error=STRIPE_SIGNATURE_INVALID message=Stripe signature is invalid.
STRIPE_WEBHOOK_DEBUG ts=2026-06-10 09:17:36 stage=signature status=400 signatureHeaderPresent=true rawBodyLength=5712 error=STRIPE_SIGNATURE_INVALID message=Stripe signature is invalid.
STRIPE_WEBHOOK_DEBUG ts=2026-06-10 09:17:51 stage=signature status=400 signatureHeaderPresent=true rawBodyLength=5769 error=STRIPE_SIGNATURE_INVALID message=Stripe signature is invalid.
STRIPE_WEBHOOK_DEBUG ts=2026-07-09 02:22:51 stage=signature status=400 signatureHeaderPresent=true rawBodyLength=1311 error=STRIPE_SIGNATURE_INVALID message=Stripe signature is invalid.
STRIPE_WEBHOOK_DEBUG stage=signature-timestamp stripeTimestamp=1779074400 serverEpochNow=1779074701 deltaSeconds=301 toleranceSeconds=300 serverNowUtc=2026-07-10T20:18:20 serverNowLocal=2026-07-10T20:18:20 signatureHeaderPresent=true rawBodyLength=59
STRIPE_WEBHOOK_DEBUG stage=signature-timestamp stripeTimestamp=1779075002 serverEpochNow=1779074701 deltaSeconds=301 toleranceSeconds=300 serverNowUtc=2026-07-10T20:18:20 serverNowLocal=2026-07-10T20:18:20 signatureHeaderPresent=true rawBodyLength=62
STRIPE_WEBHOOK_DEBUG stage=signature-timestamp stripeTimestamp=1779074400 serverEpochNow=1779074701 deltaSeconds=301 toleranceSeconds=300 serverNowUtc=2026-07-10T20:28:12 serverNowLocal=2026-07-10T20:28:12 signatureHeaderPresent=true rawBodyLength=59
STRIPE_WEBHOOK_DEBUG stage=signature-timestamp stripeTimestamp=1779075002 serverEpochNow=1779074701 deltaSeconds=301 toleranceSeconds=300 serverNowUtc=2026-07-10T20:28:12 serverNowLocal=2026-07-10T20:28:12 signatureHeaderPresent=true rawBodyLength=62
STRIPE_WEBHOOK_DEBUG ts=2026-07-11 01:03:05 stage=signature status=400 signatureHeaderPresent=false rawBodyLength=0 error=STRIPE_SIGNATURE_MISSING message=Stripe-Signature header is required.
STRIPE_WEBHOOK_DEBUG stage=signature-timestamp stripeTimestamp=1779074400 serverEpochNow=1779074701 deltaSeconds=301 toleranceSeconds=300 serverNowUtc=2026-07-11T04:04:44 serverNowLocal=2026-07-11T04:04:44 signatureHeaderPresent=true rawBodyLength=59
STRIPE_WEBHOOK_DEBUG stage=signature-timestamp stripeTimestamp=1779075002 serverEpochNow=1779074701 deltaSeconds=301 toleranceSeconds=300 serverNowUtc=2026-07-11T04:04:44 serverNowLocal=2026-07-11T04:04:44 signatureHeaderPresent=true rawBodyLength=62
STRIPE_WEBHOOK_DEBUG stage=signature-timestamp stripeTimestamp=1779074400 serverEpochNow=1779074701 deltaSeconds=301 toleranceSeconds=300 serverNowUtc=2026-07-11T04:12:55 serverNowLocal=2026-07-11T04:12:55 signatureHeaderPresent=true rawBodyLength=59
STRIPE_WEBHOOK_DEBUG stage=signature-timestamp stripeTimestamp=1779075002 serverEpochNow=1779074701 deltaSeconds=301 toleranceSeconds=300 serverNowUtc=2026-07-11T04:12:55 serverNowLocal=2026-07-11T04:12:55 signatureHeaderPresent=true rawBodyLength=62
STRIPE_WEBHOOK_DEBUG stage=signature-timestamp stripeTimestamp=1779074400 serverEpochNow=1779074701 deltaSeconds=301 toleranceSeconds=300 serverNowUtc=2026-07-11T13:18:09 serverNowLocal=2026-07-11T13:18:09 signatureHeaderPresent=true rawBodyLength=59
STRIPE_WEBHOOK_DEBUG stage=signature-timestamp stripeTimestamp=1779075002 serverEpochNow=1779074701 deltaSeconds=301 toleranceSeconds=300 serverNowUtc=2026-07-11T13:18:09 serverNowLocal=2026-07-11T13:18:09 signatureHeaderPresent=true rawBodyLength=62
STRIPE_WEBHOOK_DEBUG stage=signature-timestamp stripeTimestamp=1779074400 serverEpochNow=1779074701 deltaSeconds=301 toleranceSeconds=300 serverNowUtc=2026-07-11T17:50:59 serverNowLocal=2026-07-11T17:50:59 signatureHeaderPresent=true rawBodyLength=59
STRIPE_WEBHOOK_DEBUG stage=signature-timestamp stripeTimestamp=1779075002 serverEpochNow=1779074701 deltaSeconds=301 toleranceSeconds=300 serverNowUtc=2026-07-11T17:50:59 serverNowLocal=2026-07-11T17:50:59 signatureHeaderPresent=true rawBodyLength=62
STRIPE_WEBHOOK_DEBUG stage=signature-timestamp stripeTimestamp=1779074400 serverEpochNow=1779074701 deltaSeconds=301 toleranceSeconds=300 serverNowUtc=2026-07-11T17:51:28 serverNowLocal=2026-07-11T17:51:28 signatureHeaderPresent=true rawBodyLength=59
STRIPE_WEBHOOK_DEBUG stage=signature-timestamp stripeTimestamp=1779075002 serverEpochNow=1779074701 deltaSeconds=301 toleranceSeconds=300 serverNowUtc=2026-07-11T17:51:28 serverNowLocal=2026-07-11T17:51:28 signatureHeaderPresent=true rawBodyLength=62
STRIPE_WEBHOOK_DEBUG stage=signature-timestamp stripeTimestamp=1779074400 serverEpochNow=1779074701 deltaSeconds=301 toleranceSeconds=300 serverNowUtc=2026-07-20T17:58:50 serverNowLocal=2026-07-20T17:58:50 signatureHeaderPresent=true rawBodyLength=59
STRIPE_WEBHOOK_DEBUG stage=signature-timestamp stripeTimestamp=1779075002 serverEpochNow=1779074701 deltaSeconds=301 toleranceSeconds=300 serverNowUtc=2026-07-20T17:58:50 serverNowLocal=2026-07-20T17:58:50 signatureHeaderPresent=true rawBodyLength=62
STRIPE_WEBHOOK_DEBUG stage=signature-timestamp stripeTimestamp=1779074400 serverEpochNow=1779074701 deltaSeconds=301 toleranceSeconds=300 serverNowUtc=2026-07-20T23:19:14 serverNowLocal=2026-07-20T23:19:14 signatureHeaderPresent=true rawBodyLength=59
STRIPE_WEBHOOK_DEBUG stage=signature-timestamp stripeTimestamp=1779075002 serverEpochNow=1779074701 deltaSeconds=301 toleranceSeconds=300 serverNowUtc=2026-07-20T23:19:14 serverNowLocal=2026-07-20T23:19:14 signatureHeaderPresent=true rawBodyLength=62
STRIPE_WEBHOOK_DEBUG stage=signature-timestamp stripeTimestamp=1779074400 serverEpochNow=1779074701 deltaSeconds=301 toleranceSeconds=300 serverNowUtc=2026-07-20T23:27:06 serverNowLocal=2026-07-20T23:27:06 signatureHeaderPresent=true rawBodyLength=59
STRIPE_WEBHOOK_DEBUG stage=signature-timestamp stripeTimestamp=1779075002 serverEpochNow=1779074701 deltaSeconds=301 toleranceSeconds=300 serverNowUtc=2026-07-20T23:27:06 serverNowLocal=2026-07-20T23:27:06 signatureHeaderPresent=true rawBodyLength=62
STRIPE_WEBHOOK_DEBUG stage=signature-timestamp stripeTimestamp=1779074400 serverEpochNow=1779074701 deltaSeconds=301 toleranceSeconds=300 serverNowUtc=2026-07-20T23:27:47 serverNowLocal=2026-07-20T23:27:47 signatureHeaderPresent=true rawBodyLength=59
STRIPE_WEBHOOK_DEBUG stage=signature-timestamp stripeTimestamp=1779075002 serverEpochNow=1779074701 deltaSeconds=301 toleranceSeconds=300 serverNowUtc=2026-07-20T23:27:47 serverNowLocal=2026-07-20T23:27:47 signatureHeaderPresent=true rawBodyLength=62
STRIPE_WEBHOOK_DEBUG stage=signature-timestamp stripeTimestamp=1779074400 serverEpochNow=1779074701 deltaSeconds=301 toleranceSeconds=300 serverNowUtc=2026-07-20T23:28:31 serverNowLocal=2026-07-20T23:28:31 signatureHeaderPresent=true rawBodyLength=59
STRIPE_WEBHOOK_DEBUG stage=signature-timestamp stripeTimestamp=1779075002 serverEpochNow=1779074701 deltaSeconds=301 toleranceSeconds=300 serverNowUtc=2026-07-20T23:28:31 serverNowLocal=2026-07-20T23:28:31 signatureHeaderPresent=true rawBodyLength=62
STRIPE_WEBHOOK_DEBUG stage=signature-timestamp stripeTimestamp=1779074400 serverEpochNow=1779074701 deltaSeconds=301 toleranceSeconds=300 serverNowUtc=2026-07-20T23:30:14 serverNowLocal=2026-07-20T23:30:14 signatureHeaderPresent=true rawBodyLength=59
STRIPE_WEBHOOK_DEBUG stage=signature-timestamp stripeTimestamp=1779075002 serverEpochNow=1779074701 deltaSeconds=301 toleranceSeconds=300 serverNowUtc=2026-07-20T23:30:14 serverNowLocal=2026-07-20T23:30:14 signatureHeaderPresent=true rawBodyLength=62
